Component: ARM Compiler 5.06 update 6 (build 750) Tool: armlink [4d35ed]

==============================================================================

Section Cross References

    startup_stm32f0xx.o(RESET) refers to startup_stm32f0xx.o(STACK) for __initial_sp
    startup_stm32f0xx.o(RESET) refers to startup_stm32f0xx.o(.text) for Reset_Handler
    startup_stm32f0xx.o(RESET) refers to stm32f0xx_it.o(i.NMI_Handler) for NMI_Handler
    startup_stm32f0xx.o(RESET) refers to stm32f0xx_it.o(i.HardFault_Handler) for HardFault_Handler
    startup_stm32f0xx.o(RESET) refers to stm32f0xx_it.o(i.SVC_Handler) for SVC_Handler
    startup_stm32f0xx.o(RESET) refers to stm32f0xx_it.o(i.PendSV_Handler) for PendSV_Handler
    startup_stm32f0xx.o(RESET) refers to stm32f0xx_it.o(i.SysTick_Handler) for SysTick_Handler
    startup_stm32f0xx.o(RESET) refers to rtc.o(i.RTC_IRQHandler) for RTC_IRQHandler
    startup_stm32f0xx.o(RESET) refers to stm32f0xx_it.o(i.EXTI0_1_IRQHandler) for EXTI0_1_IRQHandler
    startup_stm32f0xx.o(RESET) refers to stm32f0xx_it.o(i.EXTI4_15_IRQHandler) for EXTI4_15_IRQHandler
    startup_stm32f0xx.o(RESET) refers to system_init.o(i.TIM17_IRQHandler) for TIM17_IRQHandler
    startup_stm32f0xx.o(RESET) refers to stm32f0xx_it.o(i.USART1_IRQHandler) for USART1_IRQHandler
    startup_stm32f0xx.o(RESET) refers to stm32f0xx_it.o(i.USART2_IRQHandler) for USART2_IRQHandler
    startup_stm32f0xx.o(.text) refers to system_stm32f0xx.o(i.SystemInit) for SystemInit
    startup_stm32f0xx.o(.text) refers to entry.o(.ARM.Collect$$$$00000000) for __main
    stm32f0xx_it.o(i.EXTI0_1_IRQHandler) refers to stm32f0xx_exti.o(i.EXTI_GetITStatus) for EXTI_GetITStatus
    stm32f0xx_it.o(i.EXTI0_1_IRQHandler) refers to stm32f0xx_exti.o(i.EXTI_ClearITPendingBit) for EXTI_ClearITPendingBit
    stm32f0xx_it.o(i.EXTI0_1_IRQHandler) refers to chargerloadfunc.o(.data) for ChargerLoad_Func
    stm32f0xx_it.o(i.EXTI4_15_IRQHandler) refers to stm32f0xx_exti.o(i.EXTI_GetITStatus) for EXTI_GetITStatus
    stm32f0xx_it.o(i.EXTI4_15_IRQHandler) refers to system_monitor.o(i.System_ERROR_UserCallback) for System_ERROR_UserCallback
    stm32f0xx_it.o(i.EXTI4_15_IRQHandler) refers to stm32f0xx_exti.o(i.EXTI_ClearITPendingBit) for EXTI_ClearITPendingBit
    stm32f0xx_it.o(i.EXTI4_15_IRQHandler) refers to system_init.o(.data) for CBC_Element
    stm32f0xx_it.o(i.USART1_IRQHandler) refers to stm32f0xx_usart.o(i.USART_GetITStatus) for USART_GetITStatus
    stm32f0xx_it.o(i.USART1_IRQHandler) refers to sci_upper.o(i.Sci1_CommonUpper_FaultChk) for Sci1_CommonUpper_FaultChk
    stm32f0xx_it.o(i.USART1_IRQHandler) refers to sci_upper.o(i.Sci1_CommonUpper_Rx_Deal) for Sci1_CommonUpper_Rx_Deal
    stm32f0xx_it.o(i.USART1_IRQHandler) refers to sleepdeal.o(.data) for RTC_ExtComCnt
    stm32f0xx_it.o(i.USART1_IRQHandler) refers to sci_upper.o(.bss) for g_stCurrentMsgPtr_SCI1
    stm32f0xx_it.o(i.USART2_IRQHandler) refers to stm32f0xx_usart.o(i.USART_GetITStatus) for USART_GetITStatus
    stm32f0xx_it.o(i.USART2_IRQHandler) refers to sci_upper.o(i.Sci2_CommonUpper_FaultChk) for Sci2_CommonUpper_FaultChk
    stm32f0xx_it.o(i.USART2_IRQHandler) refers to sci_upper.o(i.Sci2_CommonUpper_Rx_Deal) for Sci2_CommonUpper_Rx_Deal
    stm32f0xx_it.o(i.USART2_IRQHandler) refers to sleepdeal.o(.data) for RTC_ExtComCnt
    stm32f0xx_it.o(i.USART2_IRQHandler) refers to sci_upper.o(.bss) for g_stCurrentMsgPtr_SCI2
    system_stm32f0xx.o(i.SystemCoreClockUpdate) refers to uidiv.o(.text) for __aeabi_uidivmod
    system_stm32f0xx.o(i.SystemCoreClockUpdate) refers to system_stm32f0xx.o(.data) for .data
    system_stm32f0xx.o(i.SystemInit) refers to system_stm32f0xx.o(.data) for .data
    adc.o(i.ADC_TTC) refers to pubfunc.o(i.GetEndValue) for GetEndValue
    adc.o(i.ADC_TTC) refers to adc.o(.data) for .data
    adc.o(i.ADC_TTC) refers to adc.o(.constdata) for .constdata
    adc.o(i.ADC_TTC) refers to adc.o(.bss) for .bss
    adc.o(i.ADC_Vbus) refers to adc.o(.data) for .data
    adc.o(i.ADC_Vbus) refers to adc.o(.bss) for .bss
    adc.o(i.ADC_Vbus) refers to main.o(.data) for SeriesNum
    adc.o(i.App_AnlogCal) refers to system_monitor.o(i.System_FUNC_StartUp) for System_FUNC_StartUp
    adc.o(i.App_AnlogCal) refers to adc.o(i.ADC_TTC) for ADC_TTC
    adc.o(i.App_AnlogCal) refers to system_init.o(.data) for g_st_SysTimeFlag
    adc.o(i.InitADC) refers to stm32f0xx_rcc.o(i.RCC_AHBPeriphClockCmd) for RCC_AHBPeriphClockCmd
    adc.o(i.InitADC) refers to stm32f0xx_gpio.o(i.GPIO_Init) for GPIO_Init
    adc.o(i.InitADC) refers to stm32f0xx_rcc.o(i.RCC_APB2PeriphClockCmd) for RCC_APB2PeriphClockCmd
    adc.o(i.InitADC) refers to uidiv.o(.text) for __aeabi_uidivmod
    adc.o(i.InitADC) refers to stm32f0xx_tim.o(i.TIM_TimeBaseInit) for TIM_TimeBaseInit
    adc.o(i.InitADC) refers to stm32f0xx_tim.o(i.TIM_SelectOutputTrigger) for TIM_SelectOutputTrigger
    adc.o(i.InitADC) refers to stm32f0xx_tim.o(i.TIM_Cmd) for TIM_Cmd
[...]
    __aeabi_uidiv                            0x08001cf1   Thumb Code     0  uidiv.o(.text)
    __aeabi_uidivmod                         0x08001cf1   Thumb Code    44  uidiv.o(.text)
    __aeabi_idiv                             0x08001d1d   Thumb Code     0  idiv.o(.text)
    __aeabi_idivmod                          0x08001d1d   Thumb Code    40  idiv.o(.text)
    __aeabi_memcpy                           0x08001d45   Thumb Code    36  memcpya.o(.text)
    __aeabi_memcpy4                          0x08001d45   Thumb Code     0  memcpya.o(.text)
    __aeabi_memcpy8                          0x08001d45   Thumb Code     0  memcpya.o(.text)
    __aeabi_memset                           0x08001d69   Thumb Code    14  memseta.o(.text)
    __aeabi_memset4                          0x08001d69   Thumb Code     0  memseta.o(.text)
    __aeabi_memset8                          0x08001d69   Thumb Code     0  memseta.o(.text)
    __aeabi_memclr                           0x08001d77   Thumb Code     4  memseta.o(.text)
    __aeabi_memclr4                          0x08001d77   Thumb Code     0  memseta.o(.text)
    __aeabi_memclr8                          0x08001d77   Thumb Code     0  memseta.o(.text)
    _memset$wrapper                          0x08001d7b   Thumb Code    18  memseta.o(.text)
    __scatterload                            0x08001d8d   Thumb Code    28  init.o(.text)
    __scatterload_rt2                        0x08001d8d   Thumb Code     0  init.o(.text)
    __decompress                             0x08001db1   Thumb Code     0  __dczerorl2.o(.text)
    __decompress1                            0x08001db1   Thumb Code    86  __dczerorl2.o(.text)
    ADC_ChannelConfig                        0x08001e07   Thumb Code    10  stm32f0xx_adc.o(i.ADC_ChannelConfig)
    ADC_Cmd                                  0x08001e11   Thumb Code    22  stm32f0xx_adc.o(i.ADC_Cmd)
    ADC_DMACmd                               0x08001e27   Thumb Code    20  stm32f0xx_adc.o(i.ADC_DMACmd)
    ADC_DMARequestModeConfig                 0x08001e3b   Thumb Code    16  stm32f0xx_adc.o(i.ADC_DMARequestModeConfig)
    ADC_DeInit                               0x08001e4d   Thumb Code    30  stm32f0xx_adc.o(i.ADC_DeInit)
    ADC_GetCalibrationFactor                 0x08001e71   Thumb Code    46  stm32f0xx_adc.o(i.ADC_GetCalibrationFactor)
    ADC_GetFlagStatus                        0x08001e9f   Thumb Code    28  stm32f0xx_adc.o(i.ADC_GetFlagStatus)
    ADC_Init                                 0x08001ebd   Thumb Code    40  stm32f0xx_adc.o(i.ADC_Init)
    ADC_OverrunModeCmd                       0x08001ee9   Thumb Code    20  stm32f0xx_adc.o(i.ADC_OverrunModeCmd)
    ADC_StartOfConversion                    0x08001efd   Thumb Code    10  stm32f0xx_adc.o(i.ADC_StartOfConversion)
    ADC_StructInit                           0x08001f07   Thumb Code    16  stm32f0xx_adc.o(i.ADC_StructInit)
    ADC_TTC                                  0x08001f19   Thumb Code    74  adc.o(i.ADC_TTC)
    AFE_IDLE                                 0x08001f75   Thumb Code    22  sh367309_func.o(i.AFE_IDLE)
    AFE_IsReady                              0x08001f91   Thumb Code    58  sh367309_func.o(i.AFE_IsReady)
    AFE_Reset                                0x08001fcb   Thumb Code    48  sh367309_func.o(i.AFE_Reset)
    AFE_Sleep                                0x08001ffd   Thumb Code    24  sh367309_func.o(i.AFE_Sleep)
    AFE_SleepMode_Judge                      0x08002019   Thumb Code    72  sh367309_func.o(i.AFE_SleepMode_Judge)
    AllSeriesDeal_Charger_ON                 0x0800206d   Thumb Code   100  chargerloadfunc.o(i.AllSeriesDeal_Charger_ON)
    AllSeriesDeal_Sleep_Or_None              0x080020dd   Thumb Code    76  chargerloadfunc.o(i.AllSeriesDeal_Sleep_Or_None)
    App_AFEGet                               0x08002135   Thumb Code   194  datadeal.o(i.App_AFEGet)
    App_AnlogCal                             0x08002241   Thumb Code    22  adc.o(i.App_AnlogCal)
    App_CellBalance                          0x0800225d   Thumb Code    98  cell_balance.o(i.App_CellBalance)
    App_ChargerLoad_Det                      0x080022cd   Thumb Code    22  chargerloadfunc.o(i.App_ChargerLoad_Det)
    App_CommonUpper                          0x080022e9   Thumb Code    16  sci_upper.o(i.App_CommonUpper)
    App_CommonUpperSCI1                      0x08002301   Thumb Code   200  sci_upper.o(i.App_CommonUpperSCI1)
    App_CommonUpperSCI2                      0x080023d1   Thumb Code   200  sci_upper.o(i.App_CommonUpperSCI2)
    App_E2promDeal                           0x080024a1   Thumb Code    66  eeprom.o(i.App_E2promDeal)
    App_FlashUpdateDet                       0x080024ed   Thumb Code    38  flash.o(i.App_FlashUpdateDet)
    App_Heat_Cool_Ctrl                       0x08002521   Thumb Code    12  heat_cool.o(i.App_Heat_Cool_Ctrl)
    App_LogRecord                            0x0800252d   Thumb Code   328  logrecord.o(i.App_LogRecord)
    App_MosOtp_SecondCheck                   0x08002691   Thumb Code   142  fault.o(i.App_MosOtp_SecondCheck)
    App_MosOtp_ThirdCheck                    0x08002739   Thumb Code   142  fault.o(i.App_MosOtp_ThirdCheck)
    App_PWM                                  0x080027e1   Thumb Code   110  pwm.o(i.App_PWM)
    App_ProID_Deal                           0x08002869   Thumb Code    34  productionid.o(i.App_ProID_Deal)
    App_PubOPUPChk                           0x08002891   Thumb Code   120  pubfunc.o(i.App_PubOPUPChk)
    App_SH367309                             0x08002909   Thumb Code    24  sh367309_func.o(i.App_SH367309)
    App_SH367309_Monitor                     0x08002925   Thumb Code   252  sh367309_func.o(i.App_SH367309_Monitor)
    App_SH367309_Supplement                  0x08002a31   Thumb Code   294  sh367309_datadeal.o(i.App_SH367309_Supplement)
    App_SOC                                  0x08002b71   Thumb Code    72  soc.o(i.App_SOC)
    App_SleepDeal                            0x08002bc9   Thumb Code   228  sleepdeal.o(i.App_SleepDeal)
    App_SysTime                              0x08002cc5   Thumb Code   468  system_init.o(i.App_SysTime)
    App_WakeUpAFE                            0x08002ea5   Thumb Code     2  main.o(i.App_WakeUpAFE)
    App_WarnCtrl                             0x08002ea7   Thumb Code    12  fault.o(i.App_WarnCtrl)
    CB_AFERegistersCtrl                      0x08002eb5   Thumb Code   142  cell_balance.o(i.CB_AFERegistersCtrl)
    CB_ChangeUpperFlag                       0x08002f51   Thumb Code   158  cell_balance.o(i.CB_ChangeUpperFlag)
    CB_StateCalculate                        0x08003005   Thumb Code   220  cell_balance.o(i.CB_StateCalculate)
    CRC_verify                               0x08003101   Thumb Code    56  sci_upper.o(i.CRC_verify)
    CellBalance_DataInit                     0x08003139   Thumb Code    56  cell_balance.o(i.CellBalance_DataInit)
    CellBalance_Monitor                      0x08003189   Thumb Code   154  cell_balance.o(i.CellBalance_Monitor)
    CellBalance_StateEvenOn                  0x08003231   Thumb Code    92  cell_balance.o(i.CellBalance_StateEvenOn)
    CellBalance_StateOFF                     0x08003295   Thumb Code    78  cell_balance.o(i.CellBalance_StateOFF)
    CellBalance_StateOddOn                   0x080032ed   Thumb Code    92  cell_balance.o(i.CellBalance_StateOddOn)
    Choose_Right_Value                       0x08003351   Thumb Code    20  sh367309_datadeal.o(i.Choose_Right_Value)
    Cool_Control                             0x08003365   Thumb Code   134  heat_cool.o(i.Cool_Control)
    Cool_OnOFF_CONT                          0x0800340d   Thumb Code    60  heat_cool.o(i.Cool_OnOFF_CONT)
    CorrectionTerminal_CC                    0x08003459   Thumb Code   622  socintegral_030.o(i.CorrectionTerminal_CC)
    CorrectionTerminal_CV                    0x080036f1   Thumb Code   762  socintegral_030.o(i.CorrectionTerminal_CV)
    Correction_Terminal                      0x08003a15   Thumb Code    92  socintegral_030.o(i.Correction_Terminal)
    DMA_Cmd                                  0x08003a75   Thumb Code    20  stm32f0xx_dma.o(i.DMA_Cmd)
    DMA_DeInit                               0x08003a8d   Thumb Code   162  stm32f0xx_dma.o(i.DMA_DeInit)
    DMA_Init                                 0x08003b6d   Thumb Code    58  stm32f0xx_dma.o(i.DMA_Init)
    DMA_StructInit                           0x08003bad   Thumb Code    26  stm32f0xx_dma.o(i.DMA_StructInit)
    DataLoad_CellVolt                        0x08003bc9   Thumb Code   234  datadeal.o(i.DataLoad_CellVolt)
    DataLoad_CellVoltMaxMinFind              0x08003ce5   Thumb Code   108  datadeal.o(i.DataLoad_CellVoltMaxMinFind)
    DataLoad_Current                         0x08003d6d   Thumb Code   132  datadeal.o(i.DataLoad_Current)
    DataLoad_CurrentCali                     0x08003e05   Thumb Code   358  datadeal.o(i.DataLoad_CurrentCali)
    DataLoad_Temperature                     0x08003f99   Thumb Code   172  datadeal.o(i.DataLoad_Temperature)
    Delay1ms                                 0x08004069   Thumb Code    30  pubfunc.o(i.Delay1ms)
    EEPROM_ResetData_AFE_ParametersToDefault 0x08004089   Thumb Code    46  sh367309_datadeal.o(i.EEPROM_ResetData_AFE_ParametersToDefault)
    EEPROM_ResetData_AllToDefault            0x080040c1   Thumb Code   184  eeprom.o(i.EEPROM_ResetData_AllToDefault)
    EEPROM_ResetData_EventRecord_ToDefault   0x080041a5   Thumb Code    64  logrecord.o(i.EEPROM_ResetData_EventRecord_ToDefault)
    EEPROM_ResetData_OtherToDefault          0x080041ed   Thumb Code   138  eeprom.o(i.EEPROM_ResetData_OtherToDefault)
    EXTI0_1_IRQHandler                       0x080042a1   Thumb Code    46  stm32f0xx_it.o(i.EXTI0_1_IRQHandler)
    EXTI4_15_IRQHandler                      0x080042d5   Thumb Code   102  stm32f0xx_it.o(i.EXTI4_15_IRQHandler)
    EXTI_ClearITPendingBit                   0x08004345   Thumb Code     6  stm32f0xx_exti.o(i.EXTI_ClearITPendingBit)
    EXTI_GetITStatus                         0x08004351   Thumb Code    16  stm32f0xx_exti.o(i.EXTI_GetITStatus)
    EXTI_Init                                0x08004365   Thumb Code   108  stm32f0xx_exti.o(i.EXTI_Init)
    FLASH_ClearFlag                          0x080043d5   Thumb Code     6  stm32f0xx_flash.o(i.FLASH_ClearFlag)
    FLASH_ErasePage                          0x080043e1   Thumb Code    52  stm32f0xx_flash.o(i.FLASH_ErasePage)
    FLASH_Lock                               0x08004419   Thumb Code    12  stm32f0xx_flash.o(i.FLASH_Lock)
    FLASH_ProgramHalfWord                    0x08004429   Thumb Code    48  stm32f0xx_flash.o(i.FLASH_ProgramHalfWord)
    FLASH_Unlock                             0x0800445d   Thumb Code    18  stm32f0xx_flash.o(i.FLASH_Unlock)
    FLASH_WaitForLastOperation               0x0800447d   Thumb Code    86  stm32f0xx_flash.o(i.FLASH_WaitForLastOperation)
    FaultWarnRecord                          0x080044d9   Thumb Code    92  fault.o(i.FaultWarnRecord)
    FaultWarnRecord2                         0x08004545   Thumb Code    92  fault.o(i.FaultWarnRecord2)
    Fault_ChangeToMCU                        0x080045b1   Thumb Code   474  sh367309_func.o(i.Fault_ChangeToMCU)
    FlashReadOneHalfWord                     0x08004799   Thumb Code     4  flash.o(i.FlashReadOneHalfWord)
    FlashWriteOneHalfWord                    0x0800479d   Thumb Code    44  flash.o(i.FlashWriteOneHalfWord)
    GPIO_Init                                0x080047c9   Thumb Code   114  stm32f0xx_gpio.o(i.GPIO_Init)
    GPIO_PinAFConfig                         0x0800483b   Thumb Code    34  stm32f0xx_gpio.o(i.GPIO_PinAFConfig)
    GPIO_ResetBits                           0x0800485d   Thumb Code     4  stm32f0xx_gpio.o(i.GPIO_ResetBits)
    GPIO_SetBits                             0x08004861   Thumb Code     4  stm32f0xx_gpio.o(i.GPIO_SetBits)
    GetData_SOC                              0x08004865   Thumb Code    58  soc.o(i.GetData_SOC)
    GetEndValue                              0x080048b1   Thumb Code   224  pubfunc.o(i.GetEndValue)
    GetEndValuee                             0x08004991   Thumb Code   366  socintegral_030.o(i.GetEndValuee)
    Get_OpenCircuit_Value                    0x08004b01   Thumb Code   122  socintegral_030.o(i.Get_OpenCircuit_Value)
    HardFault_Handler                        0x08004b8d   Thumb Code     2  stm32f0xx_it.o(i.HardFault_Handler)
    Heat_Control                             0x08004b91   Thumb Code   154  heat_cool.o(i.Heat_Control)
    Heat_OnOFF_CONT                          0x08004c49   Thumb Code    78  heat_cool.o(i.Heat_OnOFF_CONT)
    Heat_OnOFF_Det_Normal                    0x08004cad   Thumb Code    70  heat_cool.o(i.Heat_OnOFF_Det_Normal)
    IIC_Ack_SEE                              0x08004d09   Thumb Code    60  eeprom.o(i.IIC_Ack_SEE)
    IIC_NAck_SEE                             0x08004d49   Thumb Code    60  eeprom.o(i.IIC_NAck_SEE)
    IIC_Read_Byte_SEE                        0x08004d89   Thumb Code    90  eeprom.o(i.IIC_Read_Byte_SEE)
    IIC_Send_Byte_SEE                        0x08004de9   Thumb Code    98  eeprom.o(i.IIC_Send_Byte_SEE)
    IIC_Start_SEE                            0x08004e51   Thumb Code    62  eeprom.o(i.IIC_Start_SEE)
    IIC_Stop_SEE                             0x08004e95   Thumb Code    68  eeprom.o(i.IIC_Stop_SEE)
    IIC_Wait_Ack_SEE                         0x08004edd   Thumb Code    78  eeprom.o(i.IIC_Wait_Ack_SEE)
    IOstatus_Base                            0x08004f31   Thumb Code   144  sleepdeal.o(i.IOstatus_Base)
    IWDG_ReloadCounter                       0x08004fd5   Thumb Code     8  stm32f0xx_iwdg.o(i.IWDG_ReloadCounter)
    InitADC                                  0x08004fe5   Thumb Code   126  adc.o(i.InitADC)
    InitADC_ADC1                             0x08005081   Thumb Code   126  adc.o(i.InitADC_ADC1)
    InitADC_DMA                              0x08005109   Thumb Code    86  adc.o(i.InitADC_DMA)
    InitAFE1                                 0x0800516d   Thumb Code   108  i2c_afe1.o(i.InitAFE1)
    InitAFE1_Sleep                           0x080051f1   Thumb Code    56  i2c_afe1.o(i.InitAFE1_Sleep)
    InitData_E2prom                          0x0800522d   Thumb Code    92  eeprom.o(i.InitData_E2prom)
    InitData_SOC                             0x08005299   Thumb Code    82  soc.o(i.InitData_SOC)
    InitDelay                                0x08005305   Thumb Code    64  system_init.o(i.InitDelay)
    InitDevice                               0x08005365   Thumb Code    78  main.o(i.InitDevice)
    InitE2PROM                               0x080053b9   Thumb Code    68  eeprom.o(i.InitE2PROM)
    InitHeat_Cool                            0x08005401   Thumb Code    32  heat_cool.o(i.InitHeat_Cool)
    InitIO                                   0x08005421   Thumb Code   120  system_init.o(i.InitIO)
    InitProID                                0x080054a5   Thumb Code    98  productionid.o(i.InitProID)
    InitSCI1_CommonUpper                     0x0800551d   Thumb Code   186  sci_upper.o(i.InitSCI1_CommonUpper)
    InitSCI2_CommonUpper                     0x080055e9   Thumb Code   184  sci_upper.o(i.InitSCI2_CommonUpper)
    InitSOC_IntEnhance                       0x080056b1   Thumb Code   114  socintegral_030.o(i.InitSOC_IntEnhance)
    InitSystemMonitorData_EEPROM             0x08005739   Thumb Code   300  system_monitor.o(i.InitSystemMonitorData_EEPROM)
    InitSystemWakeUp                         0x08005875   Thumb Code    26  main.o(i.InitSystemWakeUp)
    InitTimer                                0x08005895   Thumb Code    88  system_init.o(i.InitTimer)
    InitUSART_CommonUpper                    0x080058f9   Thumb Code    12  sci_upper.o(i.InitUSART_CommonUpper)
    InitVar                                  0x08005905   Thumb Code   164  main.o(i.InitVar)
    InitWakeUp_Base                          0x080059fd   Thumb Code   134  sleepdeal.o(i.InitWakeUp_Base)
    InitWakeUp_NormalMode                    0x08005a89   Thumb Code    90  sleepdeal.o(i.InitWakeUp_NormalMode)
    Init_ChargerLoad_Det                     0x08005ae9   Thumb Code    14  chargerloadfunc.o(i.Init_ChargerLoad_Det)
    Init_Charger_AllSeries                   0x08005afd   Thumb Code    78  chargerloadfunc.o(i.Init_Charger_AllSeries)
    Init_IAPAPP                              0x08005b4d   Thumb Code    40  flash.o(i.Init_IAPAPP)
    Init_RTC                                 0x08005b7d   Thumb Code    34  rtc.o(i.Init_RTC)
    IsSleepStartUp                           0x08005ba5   Thumb Code   228  sleepdeal.o(i.IsSleepStartUp)
    LogEvent_EEPROM                          0x08005c9d   Thumb Code   122  logrecord.o(i.LogEvent_EEPROM)
    LogEvent_Record                          0x08005d29   Thumb Code   130  logrecord.o(i.LogEvent_Record)
    MTPRead                                  0x08005dbd   Thumb Code    54  i2c_afe1.o(i.MTPRead)
    MTPWrite                                 0x08005df3   Thumb Code    96  i2c_afe1.o(i.MTPWrite)
    MTPWriteROM                              0x08005e53   Thumb Code    96  i2c_afe1.o(i.MTPWriteROM)
    MonitorAFE                               0x08005eb5   Thumb Code   320  datadeal.o(i.MonitorAFE)
    Monitor_TempBreak                        0x08006009   Thumb Code    98  pubfunc.o(i.Monitor_TempBreak)
    NMI_Handler                              0x08006071   Thumb Code     2  stm32f0xx_it.o(i.NMI_Handler)
    NVIC_Init                                0x08006075   Thumb Code    70  stm32f0xx_misc.o(i.NVIC_Init)
    Ocp_MosJudge                             0x080060c9   Thumb Code    88  sh367309_datadeal.o(i.Ocp_MosJudge)
    PWR_BackupAccessCmd                      0x08006131   Thumb Code    20  stm32f0xx_pwr.o(i.PWR_BackupAccessCmd)
    PWR_EnterSTOPMode                        0x08006149   Thumb Code    58  stm32f0xx_pwr.o(i.PWR_EnterSTOPMode)
    PendSV_Handler                           0x0800618d   Thumb Code     2  stm32f0xx_it.o(i.PendSV_Handler)
    RCC_AHBPeriphClockCmd                    0x08006191   Thumb Code    18  stm32f0xx_rcc.o(i.RCC_AHBPeriphClockCmd)
    RCC_APB1PeriphClockCmd                   0x080061a9   Thumb Code    18  stm32f0xx_rcc.o(i.RCC_APB1PeriphClockCmd)
    RCC_APB2PeriphClockCmd                   0x080061c1   Thumb Code    18  stm32f0xx_rcc.o(i.RCC_APB2PeriphClockCmd)
    RCC_APB2PeriphResetCmd                   0x080061d9   Thumb Code    18  stm32f0xx_rcc.o(i.RCC_APB2PeriphResetCmd)
    RCC_GetClocksFreq                        0x080061f1   Thumb Code   346  stm32f0xx_rcc.o(i.RCC_GetClocksFreq)
    RCC_GetFlagStatus                        0x0800636d   Thumb Code    48  stm32f0xx_rcc.o(i.RCC_GetFlagStatus)
    RCC_LSEConfig                            0x080063a1   Thumb Code    26  stm32f0xx_rcc.o(i.RCC_LSEConfig)
    RCC_LSICmd                               0x080063c1   Thumb Code    22  stm32f0xx_rcc.o(i.RCC_LSICmd)
    RCC_RTCCLKCmd                            0x080063dd   Thumb Code    22  stm32f0xx_rcc.o(i.RCC_RTCCLKCmd)
    RCC_RTCCLKConfig                         0x080063f9   Thumb Code    10  stm32f0xx_rcc.o(i.RCC_RTCCLKConfig)
    RTC_AlarmCmd                             0x08006409   Thumb Code    78  stm32f0xx_rtc.o(i.RTC_AlarmCmd)
    RTC_AlarmConfig                          0x0800645d   Thumb Code   120  rtc.o(i.RTC_AlarmConfig)
    RTC_ClearITPendingBit                    0x080064f9   Thumb Code    22  stm32f0xx_rtc.o(i.RTC_ClearITPendingBit)
    RTC_ClockConfig                          0x08006515   Thumb Code   186  rtc.o(i.RTC_ClockConfig)
    RTC_EnterInitMode                        0x080065d9   Thumb Code    60  stm32f0xx_rtc.o(i.RTC_EnterInitMode)
    RTC_GetITStatus                          0x08006619   Thumb Code    54  stm32f0xx_rtc.o(i.RTC_GetITStatus)
    RTC_IRQHandler                           0x08006659   Thumb Code    52  rtc.o(i.RTC_IRQHandler)
    RTC_ITConfig                             0x08006695   Thumb Code    56  stm32f0xx_rtc.o(i.RTC_ITConfig)
    RTC_Init                                 0x080066d5   Thumb Code    72  stm32f0xx_rtc.o(i.RTC_Init)
    RTC_SetAlarm                             0x08006721   Thumb Code   130  stm32f0xx_rtc.o(i.RTC_SetAlarm)
    RTC_SetDate                              0x080067a9   Thumb Code   128  stm32f0xx_rtc.o(i.RTC_SetDate)
    RTC_SetTime                              0x08006831   Thumb Code   132  stm32f0xx_rtc.o(i.RTC_SetTime)
    RTC_SleepMode_Ctrl                       0x080068bd   Thumb Code   316  sh367309_func.o(i.RTC_SleepMode_Ctrl)
    RTC_TimeConfig                           0x08006a1d   Thumb Code    66  rtc.o(i.RTC_TimeConfig)
    RTC_WaitForSynchro                       0x08006a6d   Thumb Code    78  stm32f0xx_rtc.o(i.RTC_WaitForSynchro)
    ReadEEPROM_AFE_Parameters                0x08006ac1   Thumb Code    64  sh367309_datadeal.o(i.ReadEEPROM_AFE_Parameters)
    ReadEEPROM_Byte                          0x08006b0d   Thumb Code   102  eeprom.o(i.ReadEEPROM_Byte)
    ReadEEPROM_ByteData_StartUp              0x08006b75   Thumb Code   614  eeprom.o(i.ReadEEPROM_ByteData_StartUp)
    ReadEEPROM_EventRecord_Parameters        0x08006e35   Thumb Code   164  logrecord.o(i.ReadEEPROM_EventRecord_Parameters)
    ReadEEPROM_Word_WithZone                 0x08006ee5   Thumb Code   174  eeprom.o(i.ReadEEPROM_Word_WithZone)
    Refresh_Parameters                       0x08006f95   Thumb Code   550  sh367309_datadeal.o(i.Refresh_Parameters)
    SH367309_DriverMos_Ctrl                  0x080071f9   Thumb Code    70  sh367309_func.o(i.SH367309_DriverMos_Ctrl)
    SH367309_Enable_AFE_Wdt_Cadc_Drivers     0x08007245   Thumb Code    24  sh367309_func.o(i.SH367309_Enable_AFE_Wdt_Cadc_Drivers)
    SH367309_SC_DelayT_Set                   0x08007261   Thumb Code    80  sh367309_func.o(i.SH367309_SC_DelayT_Set)
    SH367309_UpdataAfeConfig                 0x080072b9   Thumb Code   198  sh367309_datadeal.o(i.SH367309_UpdataAfeConfig)
    SOC_Cont_AH_Int_CHG                      0x08007391   Thumb Code   278  socintegral_030.o(i.SOC_Cont_AH_Int_CHG)
    SOC_Cont_AH_Int_DSG                      0x080074bd   Thumb Code   270  socintegral_030.o(i.SOC_Cont_AH_Int_DSG)
    SOC_DealEEPROM_Data                      0x080075e1   Thumb Code   468  socintegral_030.o(i.SOC_DealEEPROM_Data)
    SOC_EEPROM_Deal_Monitor                  0x080077c9   Thumb Code   316  socintegral_030.o(i.SOC_EEPROM_Deal_Monitor)
    SOC_IntEnhance_Ctrl                      0x08007919   Thumb Code    84  socintegral_030.o(i.SOC_IntEnhance_Ctrl)
    SOC_OCV_Fix                              0x08007971   Thumb Code    94  soc.o(i.SOC_OCV_Fix)
    SOC_RefreshData_Monitor                  0x080079e5   Thumb Code    84  socintegral_030.o(i.SOC_RefreshData_Monitor)
    SOC_Result_Pass                          0x08007a51   Thumb Code   158  socintegral_030.o(i.SOC_Result_Pass)
    SOC_State_Transfer                       0x08007afd   Thumb Code   178  socintegral_030.o(i.SOC_State_Transfer)
    SOC_Update_StartUp                       0x08007bc5   Thumb Code   364  socintegral_030.o(i.SOC_Update_StartUp)
    SVC_Handler                              0x08007d51   Thumb Code     2  stm32f0xx_it.o(i.SVC_Handler)
    SYSCFG_EXTILineConfig                    0x08007d55   Thumb Code    36  stm32f0xx_syscfg.o(i.SYSCFG_EXTILineConfig)
    SYSCFG_MemoryRemapConfig                 0x08007d7d   Thumb Code    14  stm32f0xx_syscfg.o(i.SYSCFG_MemoryRemapConfig)
    Sci1_CommonUpper_FaultChk                0x08007d91   Thumb Code    88  sci_upper.o(i.Sci1_CommonUpper_FaultChk)
    Sci1_CommonUpper_Rx_Deal                 0x08007df1   Thumb Code   194  sci_upper.o(i.Sci1_CommonUpper_Rx_Deal)
    Sci1_CommonUpper_Tx_Deal                 0x08007ebd   Thumb Code   140  sci_upper.o(i.Sci1_CommonUpper_Tx_Deal)
    Sci2_CommonUpper_FaultChk                0x08007f59   Thumb Code    88  sci_upper.o(i.Sci2_CommonUpper_FaultChk)
    Sci2_CommonUpper_Rx_Deal                 0x08007fb9   Thumb Code   194  sci_upper.o(i.Sci2_CommonUpper_Rx_Deal)
    Sci2_CommonUpper_Tx_Deal                 0x08008085   Thumb Code   140  sci_upper.o(i.Sci2_CommonUpper_Tx_Deal)
    Sci_ACK_0x03                             0x08008121   Thumb Code   376  sci_upper.o(i.Sci_ACK_0x03)
    Sci_ACK_0x03_RW_AFE_Parameters           0x080082b1   Thumb Code    38  sh367309_datadeal.o(i.Sci_ACK_0x03_RW_AFE_Parameters)
    Sci_ACK_0x03_RW_Data_Other               0x080082dd   Thumb Code   158  sci_upper.o(i.Sci_ACK_0x03_RW_Data_Other)
    Sci_ACK_0x03_ReadRegs_Data               0x08008395   Thumb Code   568  sci_upper.o(i.Sci_ACK_0x03_ReadRegs_Data)
    Sci_ACK_0x03_ReadRegs_EventRecord        0x080085f5   Thumb Code    58  logrecord.o(i.Sci_ACK_0x03_ReadRegs_EventRecord)
    Sci_ACK_0x03_ReadRegs_LCD                0x08008639   Thumb Code   288  sci_upper.o(i.Sci_ACK_0x03_ReadRegs_LCD)
    Sci_ACK_0x06_0x10                        0x08008775   Thumb Code    68  sci_upper.o(i.Sci_ACK_0x06_0x10)
    Sci_CRC16RTU                             0x080087b9   Thumb Code    48  pubfunc.o(i.Sci_CRC16RTU)
    Sci_Deal_ReadRegs_0x03                   0x080087f1   Thumb Code   118  sci_upper.o(i.Sci_Deal_ReadRegs_0x03)
    Sci_Deal_WrReg_0x06                      0x08008871   Thumb Code   210  sci_upper.o(i.Sci_Deal_WrReg_0x06)
    Sci_Deal_WrRegs_0x10                     0x0800895d   Thumb Code   434  sci_upper.o(i.Sci_Deal_WrRegs_0x10)
    Sci_WrReg_0x06_BMS_FunctionON            0x08008b29   Thumb Code   248  sci_upper.o(i.Sci_WrReg_0x06_BMS_FunctionON)
    Sci_WrReg_0x06_Reset_AFE_Parameters      0x08008c3d   Thumb Code    74  sh367309_datadeal.o(i.Sci_WrReg_0x06_Reset_AFE_Parameters)
    Sci_WrReg_0x06_Reset_CalibCoef           0x08008c95   Thumb Code   258  sci_upper.o(i.Sci_WrReg_0x06_Reset_CalibCoef)
    Sci_WrReg_0x06_Reset_EventRecord         0x08008da9   Thumb Code    56  logrecord.o(i.Sci_WrReg_0x06_Reset_EventRecord)
    Sci_WrReg_0x06_Reset_HeatCool            0x08008de9   Thumb Code   102  sci_upper.o(i.Sci_WrReg_0x06_Reset_HeatCool)
    Sci_WrReg_0x06_Reset_OtherCanAdd         0x08008e61   Thumb Code   112  sci_upper.o(i.Sci_WrReg_0x06_Reset_OtherCanAdd)
    Sci_WrReg_0x06_Reset_ProtectElement      0x08008eed   Thumb Code    88  sci_upper.o(i.Sci_WrReg_0x06_Reset_ProtectElement)
    Sci_WrReg_0x06_Reset_ProtectRecord       0x08008f5d   Thumb Code    82  sci_upper.o(i.Sci_WrReg_0x06_Reset_ProtectRecord)
    Sci_WrRegs_0x10_AFE_Parameters           0x08008fd5   Thumb Code   116  sh367309_datadeal.o(i.Sci_WrRegs_0x10_AFE_Parameters)
    Sci_WrRegs_0x10_Balance                  0x08009059   Thumb Code    76  sci_upper.o(i.Sci_WrRegs_0x10_Balance)
    Sci_WrRegs_0x10_CalibCoef                0x080090ad   Thumb Code   132  sci_upper.o(i.Sci_WrRegs_0x10_CalibCoef)
    Sci_WrRegs_0x10_HeatCoolElement          0x0800914d   Thumb Code    68  sci_upper.o(i.Sci_WrRegs_0x10_HeatCoolElement)
    Sci_WrRegs_0x10_Protect                  0x0800919d   Thumb Code   108  sci_upper.o(i.Sci_WrRegs_0x10_Protect)
    Sci_WrRegs_0x10_SN_Version               0x08009221   Thumb Code   174  sci_upper.o(i.Sci_WrRegs_0x10_SN_Version)
    Sci_WrRegs_0x10_SleepElement             0x080092d9   Thumb Code    72  sci_upper.o(i.Sci_WrRegs_0x10_SleepElement)
    Sci_WrRegs_0x10_SocElement               0x08009329   Thumb Code    78  sci_upper.o(i.Sci_WrRegs_0x10_SocElement)
    Sci_WrRegs_0x10_SysOther                 0x08009385   Thumb Code    80  sci_upper.o(i.Sci_WrRegs_0x10_SysOther)
    Sci_WrRegs_0x10_SystemElement            0x080093dd   Thumb Code    96  sci_upper.o(i.Sci_WrRegs_0x10_SystemElement)
    SleepDeal_CBC                            0x08009451   Thumb Code    64  sleepdeal.o(i.SleepDeal_CBC)
    SleepDeal_Continue                       0x08009499   Thumb Code   166  sleepdeal.o(i.SleepDeal_Continue)
    SleepDeal_Forced                         0x08009561   Thumb Code    74  sleepdeal.o(i.SleepDeal_Forced)
    SleepDeal_Normal_L1                      0x080095b5   Thumb Code   216  sleepdeal.o(i.SleepDeal_Normal_L1)
    SleepDeal_Normal_L2                      0x0800969d   Thumb Code   218  sleepdeal.o(i.SleepDeal_Normal_L2)
    SleepDeal_Normal_L3                      0x08009789   Thumb Code   190  sleepdeal.o(i.SleepDeal_Normal_L3)
    SleepDeal_Normal_Select                  0x08009859   Thumb Code   118  sleepdeal.o(i.SleepDeal_Normal_Select)
    SleepDeal_OverCurrent                    0x080098e1   Thumb Code    64  sleepdeal.o(i.SleepDeal_OverCurrent)
    SleepDeal_Shift                          0x08009929   Thumb Code    98  sleepdeal.o(i.SleepDeal_Shift)
    SleepDeal_VcellUVP                       0x08009995   Thumb Code    62  sleepdeal.o(i.SleepDeal_VcellUVP)
    SysTick_Handler                          0x080099dd   Thumb Code     2  stm32f0xx_it.o(i.SysTick_Handler)
    Sys_FindProtectFilterMax                 0x080099e1   Thumb Code    54  system_monitor.o(i.Sys_FindProtectFilterMax)
    Sys_FindProtectFilterMax_Real            0x08009a21   Thumb Code    54  sh367309_func.o(i.Sys_FindProtectFilterMax_Real)
    SystemInit                               0x08009a61   Thumb Code   156  system_stm32f0xx.o(i.SystemInit)
    SystemMonitorResetData_EEPROM            0x08009b15   Thumb Code    92  system_monitor.o(i.SystemMonitorResetData_EEPROM)
    System_ERROR_UserCallback                0x08009b7d   Thumb Code   694  system_monitor.o(i.System_ERROR_UserCallback)
    System_FUNC_StartUp                      0x08009e39   Thumb Code   356  system_monitor.o(i.System_FUNC_StartUp)
    TIM17_IRQHandler                         0x08009fad   Thumb Code    90  system_init.o(i.TIM17_IRQHandler)
    TIM_ClearITPendingBit                    0x0800a011   Thumb Code     6  stm32f0xx_tim.o(i.TIM_ClearITPendingBit)
    TIM_Cmd                                  0x0800a017   Thumb Code    20  stm32f0xx_tim.o(i.TIM_Cmd)
    TIM_GetITStatus                          0x0800a02b   Thumb Code    24  stm32f0xx_tim.o(i.TIM_GetITStatus)
    TIM_ITConfig                             0x0800a043   Thumb Code    16  stm32f0xx_tim.o(i.TIM_ITConfig)
    TIM_SelectOutputTrigger                  0x0800a053   Thumb Code    16  stm32f0xx_tim.o(i.TIM_SelectOutputTrigger)
    TIM_SetCompare1                          0x0800a063   Thumb Code     4  stm32f0xx_tim.o(i.TIM_SetCompare1)
    TIM_SetCompare2                          0x0800a067   Thumb Code     4  stm32f0xx_tim.o(i.TIM_SetCompare2)
    TIM_TimeBaseInit                         0x0800a06d   Thumb Code    90  stm32f0xx_tim.o(i.TIM_TimeBaseInit)
    TemperatureCheck                         0x0800a0e5   Thumb Code    56  sh367309_func.o(i.TemperatureCheck)
    TwiChkClkRelease                         0x0800a125   Thumb Code    90  i2c_afe1.o(i.TwiChkClkRelease)
    TwiGetData                               0x0800a189   Thumb Code   158  i2c_afe1.o(i.TwiGetData)
    TwiReStart                               0x0800a22d   Thumb Code    44  i2c_afe1.o(i.TwiReStart)
    TwiRead                                  0x0800a25d   Thumb Code   222  i2c_afe1.o(i.TwiRead)
    TwiSendData                              0x0800a341   Thumb Code   240  i2c_afe1.o(i.TwiSendData)
    TwiStart                                 0x0800a439   Thumb Code    70  i2c_afe1.o(i.TwiStart)
    TwiStop                                  0x0800a485   Thumb Code   106  i2c_afe1.o(i.TwiStop)
    TwiWrite                                 0x0800a4f5   Thumb Code   142  i2c_afe1.o(i.TwiWrite)
    U16_SwapEndian                           0x0800a589   Thumb Code     4  pubfunc.o(i.U16_SwapEndian)
    USART1_IRQHandler                        0x0800a58d   Thumb Code    34  stm32f0xx_it.o(i.USART1_IRQHandler)
    USART2_IRQHandler                        0x0800a5c1   Thumb Code    34  stm32f0xx_it.o(i.USART2_IRQHandler)
    USART_Cmd                                0x0800a5f5   Thumb Code    20  stm32f0xx_usart.o(i.USART_Cmd)
    USART_GetITStatus                        0x0800a609   Thumb Code    60  stm32f0xx_usart.o(i.USART_GetITStatus)
    USART_ITConfig                           0x0800a645   Thumb Code    44  stm32f0xx_usart.o(i.USART_ITConfig)
    USART_Init                               0x0800a671   Thumb Code   148  stm32f0xx_usart.o(i.USART_Init)
    UpdateVoltageFromBqMaximo_Partition      0x0800a719   Thumb Code   332  i2c_afe1.o(i.UpdateVoltageFromBqMaximo_Partition)
    WriteEEPROM_Byte                         0x0800a885   Thumb Code   110  eeprom.o(i.WriteEEPROM_Byte)
    WriteEEPROM_ByteData_Circle              0x0800a8f5   Thumb Code   420  eeprom.o(i.WriteEEPROM_ByteData_Circle)
    WriteEEPROM_Word_NoZone                  0x0800aac1   Thumb Code    88  eeprom.o(i.WriteEEPROM_Word_NoZone)
    WriteEEPROM_Word_WithZone                0x0800ab19   Thumb Code    58  eeprom.o(i.WriteEEPROM_Word_WithZone)
    WriteProID                               0x0800ab55   Thumb Code   150  productionid.o(i.WriteProID)
    WriteProID_Default                       0x0800abf5   Thumb Code    76  productionid.o(i.WriteProID_Default)
    __ARM_common_switch8                     0x0800ac81   Thumb Code    28  socintegral_030.o(i.__ARM_common_switch8)
    __delay_ms                               0x0800ac9d   Thumb Code    46  system_init.o(i.__delay_ms)
    __delay_us                               0x0800acd5   Thumb Code    46  system_init.o(i.__delay_us)
    __scatterload_copy                       0x0800ad0d   Thumb Code    14  handlers.o(i.__scatterload_copy)
    __scatterload_null                       0x0800ad1b   Thumb Code     2  handlers.o(i.__scatterload_null)
    __scatterload_zeroinit                   0x0800ad1d   Thumb Code    14  handlers.o(i.__scatterload_zeroinit)
    main                                     0x0800ad2b   Thumb Code    74  main.o(i.main)
    iSheldTemp_10K                           0x0800ad74   Data         112  adc.o(.constdata)
    iSheldTemp_10K_AFE                       0x0800b36c   Data         112  i2c_afe1.o(.constdata)
    CRC8Table                                0x0800b3dc   Data         256  i2c_afe1.o(.constdata)
    SeriesSelect_AFE1                        0x0800b4dc   Data         256  main.o(.constdata)
    AFE_OCD1V_OCCV                           0x0800b6d0   Data          32  sh367309_datadeal.o(.constdata)
    AFE_SCV                                  0x0800b6f0   Data          32  sh367309_datadeal.o(.constdata)
    AFE_OVT_UVT                              0x0800b710   Data          32  sh367309_datadeal.o(.constdata)
    AFE_SCT                                  0x0800b730   Data          32  sh367309_datadeal.o(.constdata)
    AFE_OCD1T                                0x0800b750   Data          32  sh367309_datadeal.o(.constdata)
    AFE_OCCT_OCD2T                           0x0800b770   Data          32  sh367309_datadeal.o(.constdata)
    SOC_Table_LiFePO                         0x0800b790   Data          84  socintegral_030.o(.constdata)
    SocTable_TernaryLi                       0x0800b7e4   Data          84  socintegral_030.o(.constdata)
    SocTable_LiFePO2                         0x0800b838   Data          84  socintegral_030.o(.constdata)
    Region$$Table$$Base                      0x0800b88c   Number         0  anon$$obj.o(Region$$Table)
    Region$$Table$$Limit                     0x0800b8ac   Number         0  anon$$obj.o(Region$$Table)
    VectorTable                              0x20000000   Data         192  flash.o(.ARM.__AT_0x20000000)
    SystemCoreClock                          0x200000c0   Data           4  system_stm32f0xx.o(.data)
    AHBPrescTable                            0x200000c4   Data          16  system_stm32f0xx.o(.data)
    g_u16ADCValFilter                        0x200000d6   Data           6  adc.o(.data)
    g_enBalanceState                         0x200000dc   Data           1  cell_balance.o(.data)
    g_u8CBnMonitor                           0x200000e4   Data           1  cell_balance.o(.data)
    g_u8CBn_StatusFlag                       0x200000e5   Data           1  cell_balance.o(.data)
    CellBalFlag_AFE1                         0x200000ee   Data           2  cell_balance.o(.data)
    ChargerLoad_Func                         0x200000f4   Data           2  chargerloadfunc.o(.data)
    u8IICFaultcnt1                           0x200000f8   Data           1  datadeal.o(.data)
    u8WakeCnt1                               0x200000f9   Data           1  datadeal.o(.data)
    u8IICFaultcnt2                           0x200000fa   Data           1  datadeal.o(.data)
    u8WakeCnt2                               0x200000fb   Data           1  datadeal.o(.data)
    g_u32CS_Res_AFE                          0x20000110   Data           4  datadeal.o(.data)
    u32_ChgCur_mA                            0x20000114   Data           4  datadeal.o(.data)
    u32_DsgCur_mA                            0x20000118   Data           4  datadeal.o(.data)
    u8E2P_SocTable_WriteFlag                 0x20000124   Data           1  eeprom.o(.data)
    u8E2P_CopperLoss_WriteFlag               0x20000125   Data           1  eeprom.o(.data)
    u8E2P_KB_WriteFlag                       0x20000126   Data           1  eeprom.o(.data)
    u8E2P_KB_WritePos                        0x20000127   Data           1  eeprom.o(.data)
    sEETimeout                               0x20000128   Data           4  eeprom.o(.data)
    u32E2P_Pro_VolCur_WriteFlag              0x2000012c   Data           4  eeprom.o(.data)
    u32E2P_Pro_Temp_WriteFlag                0x20000130   Data           4  eeprom.o(.data)
    u32E2P_Pro_Other_WriteFlag               0x20000134   Data           4  eeprom.o(.data)
    u32E2P_RTC_Element_WriteFlag             0x20000138   Data           4  eeprom.o(.data)
    u32E2P_OtherElement1_WriteFlag           0x2000013c   Data           4  eeprom.o(.data)
    u32E2P_HeatCool_WriteFlag                0x20000140   Data           4  eeprom.o(.data)
    FaultCnt_StartUp_First                   0x20000144   Data           2  fault.o(.data)
    FaultCnt_StartUp_Second                  0x20000146   Data           2  fault.o(.data)
    FaultCnt_StartUp_Third                   0x20000148   Data           2  fault.o(.data)
    FaultPoint_First                         0x2000014a   Data           1  fault.o(.data)
    FaultPoint_Second                        0x2000014b   Data           1  fault.o(.data)
    FaultPoint_Third                         0x2000014c   Data           1  fault.o(.data)
    FaultPoint_First2                        0x2000014d   Data           1  fault.o(.data)
    FaultPoint_Second2                       0x2000014e   Data           1  fault.o(.data)
    FaultPoint_Third2                        0x2000014f   Data           1  fault.o(.data)
    Fault_Flag_Second                        0x20000184   Data           2  fault.o(.data)
    Fault_Flag_Third                         0x20000186   Data           2  fault.o(.data)
    Fault_Flag_Fisrt                         0x20000188   Data           2  fault.o(.data)
    HeatCtrl_Command                         0x2000018a   Data           1  heat_cool.o(.data)
    CoolCtrl_Command                         0x2000018b   Data           1  heat_cool.o(.data)
    Heat_Cool_FaultFlag                      0x20000192   Data           2  heat_cool.o(.data)
    BMS_LOG_POINT                            0x20000194   Data           1  logrecord.o(.data)
    gu8_Reset_EventRecord                    0x20000195   Data           1  logrecord.o(.data)
    LogRecord_Flag                           0x20000197   Data           1  logrecord.o(.data)
    SeriesNum                                0x2000019c   Data           1  main.o(.data)
    u16PeriodCH1                             0x200001a4   Data           2  pwm.o(.data)
    u16PeriodCH2                             0x200001a6   Data           2  pwm.o(.data)
    DACx_OC_REF                              0x200001a8   Data           4  pwm.o(.data)
    RTC_TimeStructure                        0x200001ad   Data           4  rtc.o(.data)
    RTC_DateStructure                        0x200001b1   Data           4  rtc.o(.data)
    gu8_TxEnable_SCI1                        0x200001b8   Data           1  sci_upper.o(.data)
    gu8_TxFinishFlag_SCI1                    0x200001b9   Data           1  sci_upper.o(.data)
    gu8_TxEnable_SCI2                        0x200001ba   Data           1  sci_upper.o(.data)
    gu8_TxFinishFlag_SCI2                    0x200001bb   Data           1  sci_upper.o(.data)
    u8FlashUpdateFlag                        0x200001bc   Data           1  sci_upper.o(.data)
    u8FlashUpdateE2PROM                      0x200001bd   Data           1  sci_upper.o(.data)
    gu16_CommuErrCnt_SCI1                    0x200001be   Data           2  sci_upper.o(.data)
    gu16_CommuErrCnt_SCI2                    0x200001c0   Data           2  sci_upper.o(.data)
    AFE_PARAM_WRITE_Flag                     0x200001d4   Data           4  sh367309_datadeal.o(.data)
    AFE_ResetFlag                            0x200001d8   Data           4  sh367309_datadeal.o(.data)
    AFE_Parameters_RS485_Struction           0x200001e8   Data         192  sh367309_datadeal.o(.data)
    gu8_DriverStartUpFlag                    0x200002a8   Data           1  sh367309_func.o(.data)
    aaa11                                    0x200002a9   Data           1  sh367309_func.o(.data)
    aaaaaa1                                  0x200002ba   Data           2  sh367309_func.o(.data)
    aaaaaa2                                  0x200002bc   Data           2  sh367309_func.o(.data)
    aaaaaa3                                  0x200002be   Data           2  sh367309_func.o(.data)
    aaaaaa4                                  0x200002c0   Data           2  sh367309_func.o(.data)
    gu8_WakeUp_Type                          0x200002c2   Data           2  sh367309_func.o(.data)
    ucMTPBuffer_MCUDrivers                   0x200002d8   Data           8  sh367309_func.o(.data)
    iSheldTemp_10K_NTC                       0x200002e0   Data         282  sh367309_func.o(.data)
    ucMTPBuffer                              0x200003fa   Data          26  sh367309_func.o(.data)
    Sleep_Status                             0x20000414   Data           1  sleepdeal.o(.data)
    RTC_ExtComCnt                            0x20000415   Data           1  sleepdeal.o(.data)
    Sleep_Mode                               0x20000426   Data           2  sleepdeal.o(.data)
    g_u81msCnt                               0x20000465   Data           1  system_init.o(.data)
    g_u810msClockCnt                         0x20000466   Data           1  system_init.o(.data)
    g_u81msClockCnt                          0x20000467   Data           1  system_init.o(.data)
    gu8_200msCnt                             0x20000468   Data           1  system_init.o(.data)
    gu8_200msAccClock_Flag                   0x20000469   Data           1  system_init.o(.data)
    g_st_SysTimeFlag                         0x20000488   Data           2  system_init.o(.data)
    CBC_Element                              0x2000048a   Data           4  system_init.o(.data)
    System_OnOFF_Func                        0x2000049c   Data           4  system_monitor.o(.data)
    System_OnOFF_Func_StartUpRec             0x200004a0   Data           4  system_monitor.o(.data)
    SystemStatus                             0x200004a4   Data           4  system_monitor.o(.data)
    System_Func_StartUp                      0x200004a8   Data           4  system_monitor.o(.data)
    SOC_Cali_Flag                            0x200004bc   Data           1  socintegral_030.o(.data)
    CapFull_Cali_Flag                        0x200004bd   Data           1  socintegral_030.o(.data)
    ChgValue                                 0x200004be   Data           2  socintegral_030.o(.data)
    DsgValue                                 0x200004c0   Data           2  socintegral_030.o(.data)
    g_u32ADCValFilter2                       0x200004f0   Data          12  adc.o(.bss)
    g_i32ADCResult                           0x200004fc   Data          12  adc.o(.bss)
    g_enCellBalanceStatus                    0x20000508   Data          16  cell_balance.o(.bss)
    g_u8CellBalanceFilterCnt                 0x20000518   Data          16  cell_balance.o(.bss)
    g_u16CalibCoefK                          0x20000528   Data          94  datadeal.o(.bss)
    g_i16CalibCoefB                          0x20000586   Data          94  datadeal.o(.bss)
    CopperLoss                               0x200005e4   Data          32  datadeal.o(.bss)
    CopperLoss_Num                           0x20000604   Data          32  datadeal.o(.bss)
    OtherElement                             0x20000624   Data          64  datadeal.o(.bss)
    PRT_E2ROMParas                           0x20000664   Data         130  fault.o(.bss)
    Fault_record_First                       0x200006e6   Data          20  fault.o(.bss)
    Fault_record_Second                      0x200006fa   Data          20  fault.o(.bss)
    Fault_record_Third                       0x2000070e   Data          20  fault.o(.bss)
    Fault_record_First2                      0x20000722   Data          20  fault.o(.bss)
    Fault_record_Second2                     0x20000736   Data          20  fault.o(.bss)
    Fault_record_Third2                      0x2000074a   Data          20  fault.o(.bss)
    RTC_Fault_record_Third                   0x2000075e   Data         120  fault.o(.bss)
    Heat_Cool_Element                        0x200007d6   Data          48  heat_cool.o(.bss)
    Registers_AFE1                           0x20000808   Data          42  i2c_afe1.o(.bss)
    SH367309_Read_AFE1                       0x20000834   Data          48  i2c_afe1.o(.bss)
    BMS_LOG_RECORD                           0x20000879   Data         200  logrecord.o(.bss)
    ProductionInfor                          0x20000942   Data         112  productionid.o(.bss)
    RTC_time                                 0x200009b4   Data          24  rtc.o(.bss)
    RTC_InitStructure                        0x200009cc   Data          12  rtc.o(.bss)
    RTC_AlarmStructure                       0x200009d8   Data          16  rtc.o(.bss)
    g_stCurrentMsgPtr_SCI1                   0x200009e8   Data         262  sci_upper.o(.bss)
    g_stCurrentMsgPtr_SCI2                   0x20000aee   Data         262  sci_upper.o(.bss)
    g_u8SCITxBuff                            0x20000bf4   Data         251  sci_upper.o(.bss)
    g_stCellInfoReport                       0x20000cf0   Data         126  sci_upper.o(.bss)
    AFE_ROM_PARAMETERS_Struction             0x20000d6e   Data          26  sh367309_datadeal.o(.bss)
    SH367309_Reg_Store                       0x20000d88   Data          12  sh367309_func.o(.bss)
    SOC_Table_Set                            0x20000d94   Data          84  soc.o(.bss)
    System_ErrFlag                           0x20000de8   Data          24  system_monitor.o(.bss)
    SOC_Enhance_Element                      0x20000e00   Data         162  socintegral_030.o(.bss)
    SOC_Calculate_Element                    0x20000ea4   Data          40  socintegral_030.o(.bss)
    SOC_E2prom_Par                           0x20000ecc   Data          32  socintegral_030.o(.bss)
    SOC_E2prom_Adress                        0x20000eec   Data          32  socintegral_030.o(.bss)
    __initial_sp                             0x20001710   Data           0  startup_stm32f0xx.o(STACK)



==============================================================================

Memory Map of the image

  Image Entry point : 0x08001cc1

  Load Region LR_IROM1 (Base: 0x08001c00, Size: 0x0000a0dc, Max: 0x0000e400, ABSOLUTE, COMPRESSED[0x00009e7c])

    Execution Region ER_IROM1 (Exec base: 0x08001c00, Load base: 0x08001c00, Size: 0x00009cac, Max: 0x0000e400, ABSOLUTE)

    Exec Addr    Load Addr    Size         Type   Attr      Idx    E Section Name        Object

    0x08001c00   0x08001c00   0x000000c0   Data   RO            3    RESET               startup_stm32f0xx.o
    0x08001cc0   0x08001cc0   0x00000000   Code   RO         6748  * .ARM.Collect$$$$00000000  mc_p.l(entry.o)
    0x08001cc0   0x08001cc0   0x00000004   Code   RO         6761    .ARM.Collect$$$$00000001  mc_p.l(entry2.o)
    0x08001cc4   0x08001cc4   0x00000004   Code   RO         6764    .ARM.Collect$$$$00000004  mc_p.l(entry5.o)
    0x08001cc8   0x08001cc8   0x00000000   Code   RO         6766    .ARM.Collect$$$$00000008  mc_p.l(entry7b.o)
    0x08001cc8   0x08001cc8   0x00000000   Code   RO         6768    .ARM.Collect$$$$0000000A  mc_p.l(entry8b.o)
    0x08001cc8   0x08001cc8   0x00000008   Code   RO         6769    .ARM.Collect$$$$0000000B  mc_p.l(entry9a.o)
    0x08001cd0   0x08001cd0   0x00000000   Code   RO         6771    .ARM.Collect$$$$0000000D  mc_p.l(entry10a.o)
    0x08001cd0   0x08001cd0   0x00000000   Code   RO         6773    .ARM.Collect$$$$0000000F  mc_p.l(entry11a.o)
    0x08001cd0   0x08001cd0   0x00000004   Code   RO         6762    .ARM.Collect$$$$00002712  mc_p.l(entry2.o)
    0x08001cd4   0x08001cd4   0x0000001c   Code   RO            4    .text               startup_stm32f0xx.o
    0x08001cf0   0x08001cf0   0x0000002c   Code   RO         6751    .text               mc_p.l(uidiv.o)
    0x08001d1c   0x08001d1c   0x00000028   Code   RO         6753    .text               mc_p.l(idiv.o)
    0x08001d44   0x08001d44   0x00000024   Code   RO         6755    .text               mc_p.l(memcpya.o)
    0x08001d68   0x08001d68   0x00000024   Code   RO         6757    .text               mc_p.l(memseta.o)
    0x08001d8c   0x08001d8c   0x00000024   Code   RO         6775    .text               mc_p.l(init.o)
    0x08001db0   0x08001db0   0x00000056   Code   RO         6785    .text               mc_p.l(__dczerorl2.o)
    0x08001e06   0x08001e06   0x0000000a   Code   RO         2971    i.ADC_ChannelConfig  stm32f0xx_adc.o
    0x08001e10   0x08001e10   0x00000016   Code   RO         2975    i.ADC_Cmd           stm32f0xx_adc.o
    0x08001e26   0x08001e26   0x00000014   Code   RO         2977    i.ADC_DMACmd        stm32f0xx_adc.o
    0x08001e3a   0x08001e3a   0x00000010   Code   RO         2978    i.ADC_DMARequestModeConfig  stm32f0xx_adc.o
    0x08001e4a   0x08001e4a   0x00000002   PAD
    0x08001e4c   0x08001e4c   0x00000024   Code   RO         2979    i.ADC_DeInit        stm32f0xx_adc.o
    0x08001e70   0x08001e70   0x0000002e   Code   RO         2981    i.ADC_GetCalibrationFactor  stm32f0xx_adc.o
    0x08001e9e   0x08001e9e   0x0000001c   Code   RO         2983    i.ADC_GetFlagStatus  stm32f0xx_adc.o
    0x08001eba   0x08001eba   0x00000002   PAD
    0x08001ebc   0x08001ebc   0x0000002c   Code   RO         2986    i.ADC_Init          stm32f0xx_adc.o
    0x08001ee8   0x08001ee8   0x00000014   Code   RO         2988    i.ADC_OverrunModeCmd  stm32f0xx_adc.o
    0x08001efc   0x08001efc   0x0000000a   Code   RO         2989    i.ADC_StartOfConversion  stm32f0xx_adc.o
    0x08001f06   0x08001f06   0x00000010   Code   RO         2991    i.ADC_StructInit    stm32f0xx_adc.o
    0x08001f16   0x08001f16   0x00000002   PAD
    0x08001f18   0x08001f18   0x0000005c   Code   RO          315    i.ADC_TTC           adc.o
    0x08001f74   0x08001f74   0x0000001c   Code   RO         2319    i.AFE_IDLE          sh367309_func.o
    0x08001f90   0x08001f90   0x0000003a   Code   RO         2320    i.AFE_IsReady       sh367309_func.o
    0x08001fca   0x08001fca   0x00000030   Code   RO         2321    i.AFE_Reset         sh367309_func.o
    0x08001ffa   0x08001ffa   0x00000002   PAD
    0x08001ffc   0x08001ffc   0x0000001c   Code   RO         2323    i.AFE_Sleep         sh367309_func.o
    0x08002018   0x08002018   0x00000054   Code   RO         2324    i.AFE_SleepMode_Judge  sh367309_func.o
    0x0800206c   0x0800206c   0x00000070   Code   RO          589    i.AllSeriesDeal_Charger_ON  chargerloadfunc.o
    0x080020dc   0x080020dc   0x00000058   Code   RO          590    i.AllSeriesDeal_Sleep_Or_None  chargerloadfunc.o
    0x08002134   0x08002134   0x0000010c   Code   RO          660    i.App_AFEGet        datadeal.o
    0x08002240   0x08002240   0x0000001c   Code   RO          317    i.App_AnlogCal      adc.o
    0x0800225c   0x0800225c   0x00000070   Code   RO          505    i.App_CellBalance   cell_balance.o
    0x080022cc   0x080022cc   0x0000001c   Code   RO          591    i.App_ChargerLoad_Det  chargerloadfunc.o
    0x080022e8   0x080022e8   0x00000018   Code   RO         1938    i.App_CommonUpper   sci_upper.o
    0x08002300   0x08002300   0x000000d0   Code   RO         1939    i.App_CommonUpperSCI1  sci_upper.o
    0x080023d0   0x080023d0   0x000000d0   Code   RO         1940    i.App_CommonUpperSCI2  sci_upper.o
    0x080024a0   0x080024a0   0x0000004c   Code   RO          740    i.App_E2promDeal    eeprom.o
    0x080024ec   0x080024ec   0x00000034   Code   RO         1095    i.App_FlashUpdateDet  flash.o
    0x08002520   0x08002520   0x0000000c   Code   RO         1151    i.App_Heat_Cool_Ctrl  heat_cool.o
    0x0800252c   0x0800252c   0x00000164   Code   RO         1568    i.App_LogRecord     logrecord.o
    0x08002690   0x08002690   0x000000a8   Code   RO          917    i.App_MosOtp_SecondCheck  fault.o
    0x08002738   0x08002738   0x000000a8   Code   RO          918    i.App_MosOtp_ThirdCheck  fault.o
    0x080027e0   0x080027e0   0x00000088   Code   RO         1830    i.App_PWM           pwm.o
    0x08002868   0x08002868   0x00000028   Code   RO         1698    i.App_ProID_Deal    productionid.o
    0x08002890   0x08002890   0x00000078   Code   RO         1743    i.App_PubOPUPChk    pubfunc.o
    0x08002908   0x08002908   0x0000001c   Code   RO         2326    i.App_SH367309      sh367309_func.o
    0x08002924   0x08002924   0x0000010c   Code   RO         2327    i.App_SH367309_Monitor  sh367309_func.o
    0x08002a30   0x08002a30   0x00000140   Code   RO         2230    i.App_SH367309_Supplement  sh367309_datadeal.o
    0x08002b70   0x08002b70   0x00000058   Code   RO         2669    i.App_SOC           soc.o
    0x08002bc8   0x08002bc8   0x000000fc   Code   RO         2459    i.App_SleepDeal     sleepdeal.o
    0x08002cc4   0x08002cc4   0x000001e0   Code   RO         2720    i.App_SysTime       system_init.o
    0x08002ea4   0x08002ea4   0x00000002   Code   RO         1637    i.App_WakeUpAFE     main.o
    0x08002ea6   0x08002ea6   0x0000000c   Code   RO          921    i.App_WarnCtrl      fault.o
    0x08002eb2   0x08002eb2   0x00000002   PAD
    0x08002eb4   0x08002eb4   0x0000009c   Code   RO          506    i.CB_AFERegistersCtrl  cell_balance.o
    0x08002f50   0x08002f50   0x000000b4   Code   RO          507    i.CB_ChangeUpperFlag  cell_balance.o
    0x08003004   0x08003004   0x000000fc   Code   RO          508    i.CB_StateCalculate  cell_balance.o
    0x08003100   0x08003100   0x00000038   Code   RO         1941    i.CRC_verify        sci_upper.o
    0x08003138   0x08003138   0x00000050   Code   RO          510    i.CellBalance_DataInit  cell_balance.o
    0x08003188   0x08003188   0x000000a8   Code   RO          511    i.CellBalance_Monitor  cell_balance.o
    0x08003230   0x08003230   0x00000064   Code   RO          512    i.CellBalance_StateEvenOn  cell_balance.o
    0x08003294   0x08003294   0x00000058   Code   RO          513    i.CellBalance_StateOFF  cell_balance.o
    0x080032ec   0x080032ec   0x00000064   Code   RO          514    i.CellBalance_StateOddOn  cell_balance.o
    0x08003350   0x08003350   0x00000014   Code   RO         2231    i.Choose_Right_Value  sh367309_datadeal.o
    0x08003364   0x08003364   0x000000a8   Code   RO         1152    i.Cool_Control      heat_cool.o
    0x0800340c   0x0800340c   0x0000004c   Code   RO         1153    i.Cool_OnOFF_CONT   heat_cool.o
    0x08003458   0x08003458   0x00000298   Code   RO         6527    i.CorrectionTerminal_CC  SocIntegral_030.lib(socintegral_030.o)
    0x080036f0   0x080036f0   0x00000324   Code   RO         6528    i.CorrectionTerminal_CV  SocIntegral_030.lib(socintegral_030.o)
    0x08003a14   0x08003a14   0x00000060   Code   RO         6529    i.Correction_Terminal  SocIntegral_030.lib(socintegral_030.o)
    0x08003a74   0x08003a74   0x00000018   Code   RO         3878    i.DMA_Cmd           stm32f0xx_dma.o
    0x08003a8c   0x08003a8c   0x000000e0   Code   RO         3879    i.DMA_DeInit        stm32f0xx_dma.o
    0x08003b6c   0x08003b6c   0x00000040   Code   RO         3884    i.DMA_Init          stm32f0xx_dma.o
    0x08003bac   0x08003bac   0x0000001a   Code   RO         3887    i.DMA_StructInit    stm32f0xx_dma.o
    0x08003bc6   0x08003bc6   0x00000002   PAD
    0x08003bc8   0x08003bc8   0x0000011c   Code   RO          661    i.DataLoad_CellVolt  datadeal.o
    0x08003ce4   0x08003ce4   0x00000088   Code   RO          662    i.DataLoad_CellVoltMaxMinFind  datadeal.o
    0x08003d6c   0x08003d6c   0x00000098   Code   RO          664    i.DataLoad_Current  datadeal.o
    0x08003e04   0x08003e04   0x00000194   Code   RO          665    i.DataLoad_CurrentCali  datadeal.o
    0x08003f98   0x08003f98   0x000000d0   Code   RO          666    i.DataLoad_Temperature  datadeal.o
    0x08004068   0x08004068   0x0000001e   Code   RO         1745    i.Delay1ms          pubfunc.o
    0x08004086   0x08004086   0x00000002   PAD
    0x08004088   0x08004088   0x00000038   Code   RO         2232    i.EEPROM_ResetData_AFE_ParametersToDefault  sh367309_datadeal.o
    0x080040c0   0x080040c0   0x000000e4   Code   RO          741    i.EEPROM_ResetData_AllToDefault  eeprom.o
    0x080041a4   0x080041a4   0x00000048   Code   RO         1569    i.EEPROM_ResetData_EventRecord_ToDefault  logrecord.o
    0x080041ec   0x080041ec   0x000000b4   Code   RO          742    i.EEPROM_ResetData_OtherToDefault  eeprom.o
    0x080042a0   0x080042a0   0x00000034   Code   RO           12    i.EXTI0_1_IRQHandler  stm32f0xx_it.o
    0x080042d4   0x080042d4   0x00000070   Code   RO           13    i.EXTI4_15_IRQHandler  stm32f0xx_it.o
    0x08004344   0x08004344   0x0000000c   Code   RO         3963    i.EXTI_ClearITPendingBit  stm32f0xx_exti.o
    0x08004350   0x08004350   0x00000014   Code   RO         3967    i.EXTI_GetITStatus  stm32f0xx_exti.o
    0x08004364   0x08004364   0x00000070   Code   RO         3968    i.EXTI_Init         stm32f0xx_exti.o
    0x080043d4   0x080043d4   0x0000000c   Code   RO         4024    i.FLASH_ClearFlag   stm32f0xx_flash.o
    0x080043e0   0x080043e0   0x00000038   Code   RO         4026    i.FLASH_ErasePage   stm32f0xx_flash.o
    0x08004418   0x08004418   0x00000010   Code   RO         4031    i.FLASH_Lock        stm32f0xx_flash.o
    0x08004428   0x08004428   0x00000034   Code   RO         4050    i.FLASH_ProgramHalfWord  stm32f0xx_flash.o
    0x0800445c   0x0800445c   0x00000020   Code   RO         4053    i.FLASH_Unlock      stm32f0xx_flash.o
    0x0800447c   0x0800447c   0x0000005c   Code   RO         4054    i.FLASH_WaitForLastOperation  stm32f0xx_flash.o
    0x080044d8   0x080044d8   0x0000006c   Code   RO          922    i.FaultWarnRecord   fault.o
    0x08004544   0x08004544   0x0000006c   Code   RO          923    i.FaultWarnRecord2  fault.o
    0x080045b0   0x080045b0   0x000001e8   Code   RO         2328    i.Fault_ChangeToMCU  sh367309_func.o
    0x08004798   0x08004798   0x00000004   Code   RO         1096    i.FlashReadOneHalfWord  flash.o
    0x0800479c   0x0800479c   0x0000002c   Code   RO         1098    i.FlashWriteOneHalfWord  flash.o
    0x080047c8   0x080047c8   0x00000072   Code   RO         4224    i.GPIO_Init         stm32f0xx_gpio.o
    0x0800483a   0x0800483a   0x00000022   Code   RO         4225    i.GPIO_PinAFConfig  stm32f0xx_gpio.o
    0x0800485c   0x0800485c   0x00000004   Code   RO         4231    i.GPIO_ResetBits    stm32f0xx_gpio.o
    0x08004860   0x08004860   0x00000004   Code   RO         4232    i.GPIO_SetBits      stm32f0xx_gpio.o
    0x08004864   0x08004864   0x0000004c   Code   RO         2670    i.GetData_SOC       soc.o
    0x080048b0   0x080048b0   0x000000e0   Code   RO         1746    i.GetEndValue       pubfunc.o
    0x08004990   0x08004990   0x0000016e   Code   RO         6530    i.GetEndValuee      SocIntegral_030.lib(socintegral_030.o)
    0x08004afe   0x08004afe   0x00000002   PAD
    0x08004b00   0x08004b00   0x0000008c   Code   RO         6531    i.Get_OpenCircuit_Value  SocIntegral_030.lib(socintegral_030.o)
    0x08004b8c   0x08004b8c   0x00000002   Code   RO           14    i.HardFault_Handler  stm32f0xx_it.o
    0x08004b8e   0x08004b8e   0x00000002   PAD
    0x08004b90   0x08004b90   0x000000b8   Code   RO         1158    i.Heat_Control      heat_cool.o
    0x08004c48   0x08004c48   0x00000064   Code   RO         1159    i.Heat_OnOFF_CONT   heat_cool.o
    0x08004cac   0x08004cac   0x0000005c   Code   RO         1161    i.Heat_OnOFF_Det_Normal  heat_cool.o
    0x08004d08   0x08004d08   0x00000040   Code   RO          744    i.IIC_Ack_SEE       eeprom.o
    0x08004d48   0x08004d48   0x00000040   Code   RO          745    i.IIC_NAck_SEE      eeprom.o
    0x08004d88   0x08004d88   0x00000060   Code   RO          746    i.IIC_Read_Byte_SEE  eeprom.o
    0x08004de8   0x08004de8   0x00000068   Code   RO          747    i.IIC_Send_Byte_SEE  eeprom.o
    0x08004e50   0x08004e50   0x00000044   Code   RO          748    i.IIC_Start_SEE     eeprom.o
    0x08004e94   0x08004e94   0x00000048   Code   RO          749    i.IIC_Stop_SEE      eeprom.o
    0x08004edc   0x08004edc   0x00000054   Code   RO          750    i.IIC_Wait_Ack_SEE  eeprom.o
    0x08004f30   0x08004f30   0x000000a4   Code   RO         2464    i.IOstatus_Base     sleepdeal.o
    0x08004fd4   0x08004fd4   0x00000010   Code   RO         4583    i.IWDG_ReloadCounter  stm32f0xx_iwdg.o
    0x08004fe4   0x08004fe4   0x0000009c   Code   RO          318    i.InitADC           adc.o
    0x08005080   0x08005080   0x00000088   Code   RO          319    i.InitADC_ADC1      adc.o
    0x08005108   0x08005108   0x00000064   Code   RO          320    i.InitADC_DMA       adc.o
    0x0800516c   0x0800516c   0x00000084   Code   RO         1259    i.InitAFE1          i2c_afe1.o
    0x080051f0   0x080051f0   0x0000003c   Code   RO         1260    i.InitAFE1_Sleep    i2c_afe1.o
    0x0800522c   0x0800522c   0x0000006c   Code   RO          751    i.InitData_E2prom   eeprom.o
    0x08005298   0x08005298   0x0000006c   Code   RO         2671    i.InitData_SOC      soc.o
    0x08005304   0x08005304   0x00000060   Code   RO         2726    i.InitDelay         system_init.o
    0x08005364   0x08005364   0x00000054   Code   RO         1638    i.InitDevice        main.o
    0x080053b8   0x080053b8   0x00000048   Code   RO          752    i.InitE2PROM        eeprom.o
    0x08005400   0x08005400   0x00000020   Code   RO         1164    i.InitHeat_Cool     heat_cool.o
    0x08005420   0x08005420   0x00000084   Code   RO         2727    i.InitIO            system_init.o
    0x080054a4   0x080054a4   0x00000078   Code   RO         1699    i.InitProID         productionid.o
    0x0800551c   0x0800551c   0x000000cc   Code   RO         1942    i.InitSCI1_CommonUpper  sci_upper.o
    0x080055e8   0x080055e8   0x000000c8   Code   RO         1943    i.InitSCI2_CommonUpper  sci_upper.o
    0x080056b0   0x080056b0   0x00000088   Code   RO         6532    i.InitSOC_IntEnhance  SocIntegral_030.lib(socintegral_030.o)
    0x08005738   0x08005738   0x0000013c   Code   RO         2823    i.InitSystemMonitorData_EEPROM  system_monitor.o
    0x08005874   0x08005874   0x00000020   Code   RO         1639    i.InitSystemWakeUp  main.o
    0x08005894   0x08005894   0x00000064   Code   RO         2728    i.InitTimer         system_init.o
    0x080058f8   0x080058f8   0x0000000c   Code   RO         1944    i.InitUSART_CommonUpper  sci_upper.o
    0x08005904   0x08005904   0x000000f8   Code   RO         1640    i.InitVar           main.o
    0x080059fc   0x080059fc   0x0000008c   Code   RO         2469    i.InitWakeUp_Base   sleepdeal.o
    0x08005a88   0x08005a88   0x00000060   Code   RO         2471    i.InitWakeUp_NormalMode  sleepdeal.o
    0x08005ae8   0x08005ae8   0x00000014   Code   RO          593    i.Init_ChargerLoad_Det  chargerloadfunc.o
    0x08005afc   0x08005afc   0x0000004e   Code   RO          594    i.Init_Charger_AllSeries  chargerloadfunc.o
    0x08005b4a   0x08005b4a   0x00000002   PAD
    0x08005b4c   0x08005b4c   0x00000030   Code   RO         1100    i.Init_IAPAPP       flash.o
    0x08005b7c   0x08005b7c   0x00000028   Code   RO         1871    i.Init_RTC          rtc.o
    0x08005ba4   0x08005ba4   0x000000f8   Code   RO         2474    i.IsSleepStartUp    sleepdeal.o
    0x08005c9c   0x08005c9c   0x0000008c   Code   RO         1570    i.LogEvent_EEPROM   logrecord.o
    0x08005d28   0x08005d28   0x00000094   Code   RO         1571    i.LogEvent_Record   logrecord.o
    0x08005dbc   0x08005dbc   0x00000036   Code   RO         1261    i.MTPRead           i2c_afe1.o
    0x08005df2   0x08005df2   0x00000060   Code   RO         1262    i.MTPWrite          i2c_afe1.o
    0x08005e52   0x08005e52   0x00000060   Code   RO         1263    i.MTPWriteROM       i2c_afe1.o
    0x08005eb2   0x08005eb2   0x00000002   PAD
    0x08005eb4   0x08005eb4   0x00000154   Code   RO          669    i.MonitorAFE        datadeal.o
    0x08006008   0x08006008   0x00000068   Code   RO         1749    i.Monitor_TempBreak  pubfunc.o
    0x08006070   0x08006070   0x00000002   Code   RO           15    i.NMI_Handler       stm32f0xx_it.o
    0x08006072   0x08006072   0x00000002   PAD
    0x08006074   0x08006074   0x00000054   Code   RO         4637    i.NVIC_Init         stm32f0xx_misc.o
    0x080060c8   0x080060c8   0x00000068   Code   RO         2233    i.Ocp_MosJudge      sh367309_datadeal.o
    0x08006130   0x08006130   0x00000018   Code   RO         4669    i.PWR_BackupAccessCmd  stm32f0xx_pwr.o
    0x08006148   0x08006148   0x00000044   Code   RO         4673    i.PWR_EnterSTOPMode  stm32f0xx_pwr.o
    0x0800618c   0x0800618c   0x00000002   Code   RO           16    i.PendSV_Handler    stm32f0xx_it.o
    0x0800618e   0x0800618e   0x00000002   PAD
    0x08006190   0x08006190   0x00000018   Code   RO         4744    i.RCC_AHBPeriphClockCmd  stm32f0xx_rcc.o
    0x080061a8   0x080061a8   0x00000018   Code   RO         4746    i.RCC_APB1PeriphClockCmd  stm32f0xx_rcc.o
    0x080061c0   0x080061c0   0x00000018   Code   RO         4748    i.RCC_APB2PeriphClockCmd  stm32f0xx_rcc.o
    0x080061d8   0x080061d8   0x00000018   Code   RO         4749    i.RCC_APB2PeriphResetCmd  stm32f0xx_rcc.o
    0x080061f0   0x080061f0   0x0000017c   Code   RO         4758    i.RCC_GetClocksFreq  stm32f0xx_rcc.o
    0x0800636c   0x0800636c   0x00000034   Code   RO         4759    i.RCC_GetFlagStatus  stm32f0xx_rcc.o
    0x080063a0   0x080063a0   0x00000020   Code   RO         4770    i.RCC_LSEConfig     stm32f0xx_rcc.o
    0x080063c0   0x080063c0   0x0000001c   Code   RO         4772    i.RCC_LSICmd        stm32f0xx_rcc.o
    0x080063dc   0x080063dc   0x0000001c   Code   RO         4778    i.RCC_RTCCLKCmd     stm32f0xx_rcc.o
    0x080063f8   0x080063f8   0x00000010   Code   RO         4779    i.RCC_RTCCLKConfig  stm32f0xx_rcc.o
    0x08006408   0x08006408   0x00000054   Code   RO         5005    i.RTC_AlarmCmd      stm32f0xx_rtc.o
    0x0800645c   0x0800645c   0x00000080   Code   RO         1874    i.RTC_AlarmConfig   rtc.o
    0x080064dc   0x080064dc   0x0000001a   Code   RO         5009    i.RTC_ByteToBcd2    stm32f0xx_rtc.o
    0x080064f6   0x080064f6   0x00000002   PAD
    0x080064f8   0x080064f8   0x0000001c   Code   RO         5013    i.RTC_ClearITPendingBit  stm32f0xx_rtc.o
    0x08006514   0x08006514   0x000000c4   Code   RO         1875    i.RTC_ClockConfig   rtc.o
    0x080065d8   0x080065d8   0x00000040   Code   RO         5017    i.RTC_EnterInitMode  stm32f0xx_rtc.o
    0x08006618   0x08006618   0x00000040   Code   RO         5023    i.RTC_GetITStatus   stm32f0xx_rtc.o
    0x08006658   0x08006658   0x0000003c   Code   RO         1876    i.RTC_IRQHandler    rtc.o
    0x08006694   0x08006694   0x00000040   Code   RO         5030    i.RTC_ITConfig      stm32f0xx_rtc.o
    0x080066d4   0x080066d4   0x0000004c   Code   RO         5031    i.RTC_Init          stm32f0xx_rtc.o
    0x08006720   0x08006720   0x00000088   Code   RO         5036    i.RTC_SetAlarm      stm32f0xx_rtc.o
    0x080067a8   0x080067a8   0x00000088   Code   RO         5037    i.RTC_SetDate       stm32f0xx_rtc.o
    0x08006830   0x08006830   0x0000008c   Code   RO         5038    i.RTC_SetTime       stm32f0xx_rtc.o
    0x080068bc   0x080068bc   0x00000160   Code   RO         2329    i.RTC_SleepMode_Ctrl  sh367309_func.o
    0x08006a1c   0x08006a1c   0x00000050   Code   RO         1877    i.RTC_TimeConfig    rtc.o
    0x08006a6c   0x08006a6c   0x00000054   Code   RO         5052    i.RTC_WaitForSynchro  stm32f0xx_rtc.o
    0x08006ac0   0x08006ac0   0x0000004c   Code   RO         2234    i.ReadEEPROM_AFE_Parameters  sh367309_datadeal.o
    0x08006b0c   0x08006b0c   0x00000066   Code   RO          753    i.ReadEEPROM_Byte   eeprom.o
    0x08006b72   0x08006b72   0x00000002   PAD
    0x08006b74   0x08006b74   0x000002c0   Code   RO          754    i.ReadEEPROM_ByteData_StartUp  eeprom.o
    0x08006e34   0x08006e34   0x000000b0   Code   RO         1573    i.ReadEEPROM_EventRecord_Parameters  logrecord.o
    0x08006ee4   0x08006ee4   0x000000ae   Code   RO          757    i.ReadEEPROM_Word_WithZone  eeprom.o
    0x08006f92   0x08006f92   0x00000002   PAD
    0x08006f94   0x08006f94   0x00000264   Code   RO         2235    i.Refresh_Parameters  sh367309_datadeal.o
    0x080071f8   0x080071f8   0x0000004c   Code   RO         2330    i.SH367309_DriverMos_Ctrl  sh367309_func.o
    0x08007244   0x08007244   0x0000001c   Code   RO         2332    i.SH367309_Enable_AFE_Wdt_Cadc_Drivers  sh367309_func.o
    0x08007260   0x08007260   0x00000058   Code   RO         2333    i.SH367309_SC_DelayT_Set  sh367309_func.o
    0x080072b8   0x080072b8   0x000000d8   Code   RO         2236    i.SH367309_UpdataAfeConfig  sh367309_datadeal.o
    0x08007390   0x08007390   0x0000012c   Code   RO         6534    i.SOC_Cont_AH_Int_CHG  SocIntegral_030.lib(socintegral_030.o)
    0x080074bc   0x080074bc   0x00000124   Code   RO         6535    i.SOC_Cont_AH_Int_DSG  SocIntegral_030.lib(socintegral_030.o)
    0x080075e0   0x080075e0   0x000001e8   Code   RO         6537    i.SOC_DealEEPROM_Data  SocIntegral_030.lib(socintegral_030.o)
    0x080077c8   0x080077c8   0x00000150   Code   RO         6538    i.SOC_EEPROM_Deal_Monitor  SocIntegral_030.lib(socintegral_030.o)
    0x08007918   0x08007918   0x00000058   Code   RO         6539    i.SOC_IntEnhance_Ctrl  SocIntegral_030.lib(socintegral_030.o)
    0x08007970   0x08007970   0x00000074   Code   RO         2673    i.SOC_OCV_Fix       soc.o
    0x080079e4   0x080079e4   0x0000006c   Code   RO         6541    i.SOC_RefreshData_Monitor  SocIntegral_030.lib(socintegral_030.o)
    0x08007a50   0x08007a50   0x000000ac   Code   RO         6542    i.SOC_Result_Pass   SocIntegral_030.lib(socintegral_030.o)
    0x08007afc   0x08007afc   0x000000c8   Code   RO         6543    i.SOC_State_Transfer  SocIntegral_030.lib(socintegral_030.o)
    0x08007bc4   0x08007bc4   0x0000018c   Code   RO         6544    i.SOC_Update_StartUp  SocIntegral_030.lib(socintegral_030.o)
    0x08007d50   0x08007d50   0x00000002   Code   RO           17    i.SVC_Handler       stm32f0xx_it.o
    0x08007d52   0x08007d52   0x00000002   PAD
    0x08007d54   0x08007d54   0x00000028   Code   RO         5534    i.SYSCFG_EXTILineConfig  stm32f0xx_syscfg.o
    0x08007d7c   0x08007d7c   0x00000014   Code   RO         5539    i.SYSCFG_MemoryRemapConfig  stm32f0xx_syscfg.o
    0x08007d90   0x08007d90   0x00000060   Code   RO         1945    i.Sci1_CommonUpper_FaultChk  sci_upper.o
    0x08007df0   0x08007df0   0x000000cc   Code   RO         1946    i.Sci1_CommonUpper_Rx_Deal  sci_upper.o
    0x08007ebc   0x08007ebc   0x0000009c   Code   RO         1947    i.Sci1_CommonUpper_Tx_Deal  sci_upper.o
    0x08007f58   0x08007f58   0x00000060   Code   RO         1948    i.Sci2_CommonUpper_FaultChk  sci_upper.o
    0x08007fb8   0x08007fb8   0x000000cc   Code   RO         1949    i.Sci2_CommonUpper_Rx_Deal  sci_upper.o
    0x08008084   0x08008084   0x0000009c   Code   RO         1950    i.Sci2_CommonUpper_Tx_Deal  sci_upper.o
    0x08008120   0x08008120   0x00000190   Code   RO         1951    i.Sci_ACK_0x03      sci_upper.o
    0x080082b0   0x080082b0   0x0000002c   Code   RO         2237    i.Sci_ACK_0x03_RW_AFE_Parameters  sh367309_datadeal.o
    0x080082dc   0x080082dc   0x000000b8   Code   RO         1953    i.Sci_ACK_0x03_RW_Data_Other  sci_upper.o
    0x08008394   0x08008394   0x00000260   Code   RO         1956    i.Sci_ACK_0x03_ReadRegs_Data  sci_upper.o
    0x080085f4   0x080085f4   0x00000044   Code   RO         1574    i.Sci_ACK_0x03_ReadRegs_EventRecord  logrecord.o
    0x08008638   0x08008638   0x0000013c   Code   RO         1957    i.Sci_ACK_0x03_ReadRegs_LCD  sci_upper.o
    0x08008774   0x08008774   0x00000044   Code   RO         1958    i.Sci_ACK_0x06_0x10  sci_upper.o
    0x080087b8   0x080087b8   0x00000038   Code   RO         1751    i.Sci_CRC16RTU      pubfunc.o
    0x080087f0   0x080087f0   0x00000080   Code   RO         1960    i.Sci_Deal_ReadRegs_0x03  sci_upper.o
    0x08008870   0x08008870   0x000000ec   Code   RO         1961    i.Sci_Deal_WrReg_0x06  sci_upper.o
    0x0800895c   0x0800895c   0x000001cc   Code   RO         1962    i.Sci_Deal_WrRegs_0x10  sci_upper.o
    0x08008b28   0x08008b28   0x00000114   Code   RO         1964    i.Sci_WrReg_0x06_BMS_FunctionON  sci_upper.o
    0x08008c3c   0x08008c3c   0x00000058   Code   RO         2238    i.Sci_WrReg_0x06_Reset_AFE_Parameters  sh367309_datadeal.o
    0x08008c94   0x08008c94   0x00000114   Code   RO         1965    i.Sci_WrReg_0x06_Reset_CalibCoef  sci_upper.o
    0x08008da8   0x08008da8   0x00000040   Code   RO         1575    i.Sci_WrReg_0x06_Reset_EventRecord  logrecord.o
    0x08008de8   0x08008de8   0x00000078   Code   RO         1966    i.Sci_WrReg_0x06_Reset_HeatCool  sci_upper.o
    0x08008e60   0x08008e60   0x0000008c   Code   RO         1967    i.Sci_WrReg_0x06_Reset_OtherCanAdd  sci_upper.o
    0x08008eec   0x08008eec   0x00000070   Code   RO         1968    i.Sci_WrReg_0x06_Reset_ProtectElement  sci_upper.o
    0x08008f5c   0x08008f5c   0x00000078   Code   RO         1969    i.Sci_WrReg_0x06_Reset_ProtectRecord  sci_upper.o
    0x08008fd4   0x08008fd4   0x00000084   Code   RO         2239    i.Sci_WrRegs_0x10_AFE_Parameters  sh367309_datadeal.o
    0x08009058   0x08009058   0x00000054   Code   RO         1973    i.Sci_WrRegs_0x10_Balance  sci_upper.o
    0x080090ac   0x080090ac   0x000000a0   Code   RO         1974    i.Sci_WrRegs_0x10_CalibCoef  sci_upper.o
    0x0800914c   0x0800914c   0x00000050   Code   RO         1977    i.Sci_WrRegs_0x10_HeatCoolElement  sci_upper.o
    0x0800919c   0x0800919c   0x00000084   Code   RO         1978    i.Sci_WrRegs_0x10_Protect  sci_upper.o
    0x08009220   0x08009220   0x000000b8   Code   RO         1980    i.Sci_WrRegs_0x10_SN_Version  sci_upper.o
    0x080092d8   0x080092d8   0x00000050   Code   RO         1981    i.Sci_WrRegs_0x10_SleepElement  sci_upper.o
    0x08009328   0x08009328   0x0000005c   Code   RO         1982    i.Sci_WrRegs_0x10_SocElement  sci_upper.o
    0x08009384   0x08009384   0x00000058   Code   RO         1984    i.Sci_WrRegs_0x10_SysOther  sci_upper.o
    0x080093dc   0x080093dc   0x00000074   Code   RO         1985    i.Sci_WrRegs_0x10_SystemElement  sci_upper.o
    0x08009450   0x08009450   0x00000048   Code   RO         2475    i.SleepDeal_CBC     sleepdeal.o
    0x08009498   0x08009498   0x000000c8   Code   RO         2476    i.SleepDeal_Continue  sleepdeal.o
    0x08009560   0x08009560   0x00000054   Code   RO         2477    i.SleepDeal_Forced  sleepdeal.o
    0x080095b4   0x080095b4   0x000000e8   Code   RO         2478    i.SleepDeal_Normal_L1  sleepdeal.o
    0x0800969c   0x0800969c   0x000000ec   Code   RO         2479    i.SleepDeal_Normal_L2  sleepdeal.o
    0x08009788   0x08009788   0x000000d0   Code   RO         2480    i.SleepDeal_Normal_L3  sleepdeal.o
    0x08009858   0x08009858   0x00000088   Code   RO         2481    i.SleepDeal_Normal_Select  sleepdeal.o
    0x080098e0   0x080098e0   0x00000048   Code   RO         2482    i.SleepDeal_OverCurrent  sleepdeal.o
    0x08009928   0x08009928   0x0000006c   Code   RO         2483    i.SleepDeal_Shift   sleepdeal.o
    0x08009994   0x08009994   0x00000048   Code   RO         2486    i.SleepDeal_VcellUVP  sleepdeal.o
    0x080099dc   0x080099dc   0x00000002   Code   RO           18    i.SysTick_Handler   stm32f0xx_it.o
    0x080099de   0x080099de   0x00000002   PAD
    0x080099e0   0x080099e0   0x00000040   Code   RO         2824    i.Sys_FindProtectFilterMax  system_monitor.o
    0x08009a20   0x08009a20   0x00000040   Code   RO         2335    i.Sys_FindProtectFilterMax_Real  sh367309_func.o
    0x08009a60   0x08009a60   0x000000b4   Code   RO          280    i.SystemInit        system_stm32f0xx.o
    0x08009b14   0x08009b14   0x00000068   Code   RO         2825    i.SystemMonitorResetData_EEPROM  system_monitor.o
    0x08009b7c   0x08009b7c   0x000002bc   Code   RO         2826    i.System_ERROR_UserCallback  system_monitor.o
    0x08009e38   0x08009e38   0x00000174   Code   RO         2827    i.System_FUNC_StartUp  system_monitor.o
    0x08009fac   0x08009fac   0x00000064   Code   RO         2730    i.TIM17_IRQHandler  system_init.o
    0x0800a010   0x0800a010   0x00000006   Code   RO         5613    i.TIM_ClearITPendingBit  stm32f0xx_tim.o
    0x0800a016   0x0800a016   0x00000014   Code   RO         5618    i.TIM_Cmd           stm32f0xx_tim.o
    0x0800a02a   0x0800a02a   0x00000018   Code   RO         5639    i.TIM_GetITStatus   stm32f0xx_tim.o
    0x0800a042   0x0800a042   0x00000010   Code   RO         5643    i.TIM_ITConfig      stm32f0xx_tim.o
    0x0800a052   0x0800a052   0x00000010   Code   RO         5677    i.TIM_SelectOutputTrigger  stm32f0xx_tim.o
    0x0800a062   0x0800a062   0x00000004   Code   RO         5681    i.TIM_SetCompare1   stm32f0xx_tim.o
    0x0800a066   0x0800a066   0x00000004   Code   RO         5682    i.TIM_SetCompare2   stm32f0xx_tim.o
    0x0800a06a   0x0800a06a   0x00000002   PAD
    0x0800a06c   0x0800a06c   0x00000078   Code   RO         5691    i.TIM_TimeBaseInit  stm32f0xx_tim.o
    0x0800a0e4   0x0800a0e4   0x00000040   Code   RO         2336    i.TemperatureCheck  sh367309_func.o
    0x0800a124   0x0800a124   0x00000064   Code   RO         1264    i.TwiChkClkRelease  i2c_afe1.o
    0x0800a188   0x0800a188   0x000000a4   Code   RO         1265    i.TwiGetData        i2c_afe1.o
    0x0800a22c   0x0800a22c   0x00000030   Code   RO         1266    i.TwiReStart        i2c_afe1.o
    0x0800a25c   0x0800a25c   0x000000e4   Code   RO         1267    i.TwiRead           i2c_afe1.o
    0x0800a340   0x0800a340   0x000000f8   Code   RO         1269    i.TwiSendData       i2c_afe1.o
    0x0800a438   0x0800a438   0x0000004c   Code   RO         1270    i.TwiStart          i2c_afe1.o
    0x0800a484   0x0800a484   0x00000070   Code   RO         1271    i.TwiStop           i2c_afe1.o
    0x0800a4f4   0x0800a4f4   0x00000094   Code   RO         1272    i.TwiWrite          i2c_afe1.o
    0x0800a588   0x0800a588   0x00000004   Code   RO         1752    i.U16_SwapEndian    pubfunc.o
    0x0800a58c   0x0800a58c   0x00000034   Code   RO           19    i.USART1_IRQHandler  stm32f0xx_it.o
    0x0800a5c0   0x0800a5c0   0x00000034   Code   RO           20    i.USART2_IRQHandler  stm32f0xx_it.o
    0x0800a5f4   0x0800a5f4   0x00000014   Code   RO         6164    i.USART_Cmd         stm32f0xx_usart.o
    0x0800a608   0x0800a608   0x0000003c   Code   RO         6173    i.USART_GetITStatus  stm32f0xx_usart.o
    0x0800a644   0x0800a644   0x0000002c   Code   RO         6175    i.USART_ITConfig    stm32f0xx_usart.o
    0x0800a670   0x0800a670   0x000000a8   Code   RO         6176    i.USART_Init        stm32f0xx_usart.o
    0x0800a718   0x0800a718   0x0000016c   Code   RO         1275    i.UpdateVoltageFromBqMaximo_Partition  i2c_afe1.o
    0x0800a884   0x0800a884   0x0000006e   Code   RO          758    i.WriteEEPROM_Byte  eeprom.o
    0x0800a8f2   0x0800a8f2   0x00000002   PAD
    0x0800a8f4   0x0800a8f4   0x000001cc   Code   RO          759    i.WriteEEPROM_ByteData_Circle  eeprom.o
    0x0800aac0   0x0800aac0   0x00000058   Code   RO          761    i.WriteEEPROM_Word_NoZone  eeprom.o
    0x0800ab18   0x0800ab18   0x0000003a   Code   RO          762    i.WriteEEPROM_Word_WithZone  eeprom.o
    0x0800ab52   0x0800ab52   0x00000002   PAD
    0x0800ab54   0x0800ab54   0x000000a0   Code   RO         1700    i.WriteProID        productionid.o
    0x0800abf4   0x0800abf4   0x0000008c   Code   RO         1701    i.WriteProID_Default  productionid.o
    0x0800ac80   0x0800ac80   0x0000001c   Code   RO         6649    i.__ARM_common_switch8  SocIntegral_030.lib(socintegral_030.o)
    0x0800ac9c   0x0800ac9c   0x00000038   Code   RO         2731    i.__delay_ms        system_init.o
    0x0800acd4   0x0800acd4   0x00000038   Code   RO         2732    i.__delay_us        system_init.o
    0x0800ad0c   0x0800ad0c   0x0000000e   Code   RO         6779    i.__scatterload_copy  mc_p.l(handlers.o)
    0x0800ad1a   0x0800ad1a   0x00000002   Code   RO         6780    i.__scatterload_null  mc_p.l(handlers.o)
    0x0800ad1c   0x0800ad1c   0x0000000e   Code   RO         6781    i.__scatterload_zeroinit  mc_p.l(handlers.o)
    0x0800ad2a   0x0800ad2a   0x0000004a   Code   RO         1642    i.main              main.o
    0x0800ad74   0x0800ad74   0x00000070   Data   RO          324    .constdata          adc.o
    0x0800ade4   0x0800ade4   0x00000588   Data   RO          763    .constdata          eeprom.o
    0x0800b36c   0x0800b36c   0x00000170   Data   RO         1277    .constdata          i2c_afe1.o
    0x0800b4dc   0x0800b4dc   0x00000100   Data   RO         1643    .constdata          main.o
    0x0800b5dc   0x0800b5dc   0x000000f4   Data   RO         1987    .constdata          sci_upper.o
    0x0800b6d0   0x0800b6d0   0x000000c0   Data   RO         2242    .constdata          sh367309_datadeal.o
    0x0800b790   0x0800b790   0x000000fc   Data   RO         6546    .constdata          SocIntegral_030.lib(socintegral_030.o)
    0x0800b88c   0x0800b88c   0x00000020   Data   RO         6777    Region$$Table       anon$$obj.o


    Execution Region RW_IRAM1 (Exec base: 0x200000c0, Load base: 0x0800b8ac, Size: 0x00001650, Max: 0x00001f40, ABSOLUTE, COMPRESSED[0x000001d0])

    Exec Addr    Load Addr    Size         Type   Attr      Idx    E Section Name        Object

    0x200000c0   COMPRESSED   0x00000014   Data   RW          281    .data               system_stm32f0xx.o
    0x200000d4   COMPRESSED   0x00000008   Data   RW          325    .data               adc.o
    0x200000dc   COMPRESSED   0x00000014   Data   RW          516    .data               cell_balance.o
    0x200000f0   COMPRESSED   0x00000006   Data   RW          597    .data               chargerloadfunc.o
    0x200000f6   COMPRESSED   0x00000002   PAD
    0x200000f8   COMPRESSED   0x0000002c   Data   RW          672    .data               datadeal.o
    0x20000124   COMPRESSED   0x00000020   Data   RW          764    .data               eeprom.o
    0x20000144   COMPRESSED   0x00000002   Data   RW          926    .data               fault.o
    0x20000146   COMPRESSED   0x00000002   Data   RW          927    .data               fault.o
    0x20000148   COMPRESSED   0x00000002   Data   RW          928    .data               fault.o
    0x2000014a   COMPRESSED   0x0000003e   Data   RW          929    .data               fault.o
    0x20000188   COMPRESSED   0x00000002   Data   RW          930    .data               fault.o
    0x2000018a   COMPRESSED   0x0000000a   Data   RW         1166    .data               heat_cool.o
    0x20000194   COMPRESSED   0x00000008   Data   RW         1577    .data               logrecord.o
    0x2000019c   COMPRESSED   0x00000001   Data   RW         1644    .data               main.o
    0x2000019d   COMPRESSED   0x00000001   Data   RW         1703    .data               productionid.o
    0x2000019e   COMPRESSED   0x00000003   Data   RW         1755    .data               pubfunc.o
    0x200001a1   COMPRESSED   0x00000003   PAD
    0x200001a4   COMPRESSED   0x00000008   Data   RW         1833    .data               pwm.o
    0x200001ac   COMPRESSED   0x00000009   Data   RW         1879    .data               rtc.o
    0x200001b5   COMPRESSED   0x00000003   PAD
    0x200001b8   COMPRESSED   0x00000014   Data   RW         1988    .data               sci_upper.o
    0x200001cc   COMPRESSED   0x000000dc   Data   RW         2243    .data               sh367309_datadeal.o
    0x200002a8   COMPRESSED   0x0000016c   Data   RW         2338    .data               sh367309_func.o
    0x20000414   COMPRESSED   0x0000004c   Data   RW         2492    .data               sleepdeal.o
    0x20000460   COMPRESSED   0x00000004   Data   RW         2676    .data               soc.o
    0x20000464   COMPRESSED   0x0000002a   Data   RW         2733    .data               system_init.o
    0x2000048e   COMPRESSED   0x00000002   PAD
    0x20000490   COMPRESSED   0x0000001c   Data   RW         2829    .data               system_monitor.o
    0x200004ac   COMPRESSED   0x00000010   Data   RW         4784    .data               stm32f0xx_rcc.o
    0x200004bc   COMPRESSED   0x00000034   Data   RW         6547    .data               SocIntegral_030.lib(socintegral_030.o)
    0x200004f0        -       0x00000018   Zero   RW          323    .bss                adc.o
    0x20000508        -       0x00000020   Zero   RW          515    .bss                cell_balance.o
    0x20000528        -       0x000000fc   Zero   RW          670    .bss                datadeal.o
    0x20000624        -       0x00000040   Zero   RW          671    .bss                datadeal.o
    0x20000664        -       0x000000fa   Zero   RW          924    .bss                fault.o
    0x2000075e        -       0x00000078   Zero   RW          925    .bss                fault.o
    0x200007d6        -       0x00000030   Zero   RW         1165    .bss                heat_cool.o
    0x20000806   COMPRESSED   0x00000002   PAD
    0x20000808        -       0x0000005c   Zero   RW         1276    .bss                i2c_afe1.o
    0x20000864        -       0x000000dd   Zero   RW         1576    .bss                logrecord.o
    0x20000941   COMPRESSED   0x00000001   PAD
    0x20000942        -       0x00000070   Zero   RW         1702    .bss                productionid.o
    0x200009b2   COMPRESSED   0x00000002   PAD
    0x200009b4        -       0x00000034   Zero   RW         1878    .bss                rtc.o
    0x200009e8        -       0x00000386   Zero   RW         1986    .bss                sci_upper.o
    0x20000d6e        -       0x0000001a   Zero   RW         2241    .bss                sh367309_datadeal.o
    0x20000d88        -       0x0000000c   Zero   RW         2337    .bss                sh367309_func.o
    0x20000d94        -       0x00000054   Zero   RW         2674    .bss                soc.o
    0x20000de8        -       0x00000018   Zero   RW         2828    .bss                system_monitor.o
    0x20000e00        -       0x0000010c   Zero   RW         6545    .bss                SocIntegral_030.lib(socintegral_030.o)
    0x20000f0c   COMPRESSED   0x00000004   PAD
    0x20000f10        -       0x00000800   Zero   RW            1    STACK               startup_stm32f0xx.o



  Load Region LR$$.ARM.__AT_0x20000000 (Base: 0x20000000, Size: 0x00000000, Max: 0x000000c0, ABSOLUTE)

    Execution Region ER$$.ARM.__AT_0x20000000 (Exec base: 0x20000000, Load base: 0x20000000, Size: 0x000000c0, Max: 0x000000c0, ABSOLUTE, UNINIT)

    Exec Addr    Load Addr    Size         Type   Attr      Idx    E Section Name        Object

    0x20000000        -       0x000000c0   Zero   RW         1101    .ARM.__AT_0x20000000  flash.o


==============================================================================

Image component sizes


      Code (inc. data)   RO Data    RW Data    ZI Data      Debug   Object Name

       512         78        112          8         24     199489   adc.o
      1236        152          0         20         32       8457   cell_balance.o
       326         36          0          6          0       4218   chargerloadfunc.o
      1792        280          0         44        316      10428   datadeal.o
      2912        282       1416         32          0      14913   eeprom.o
       564         84          0         70        370      24397   fault.o
       148         22          0          0        192       8220   flash.o
       664        134          0         10         48       6625   heat_cool.o
      1926        112        368          0         92      13376   i2c_afe1.o
      1024        102          0          8        221       6424   logrecord.o
       440         96        256          1          0       3017   main.o
       460        102          0          1        112       3197   productionid.o
       538         14          0          3          0       5334   pubfunc.o
       136         26          0          8          0        932   pwm.o
       504         46          0          9         52       4691   rtc.o
      6284        708        244         20        902      42716   sci_upper.o
      1668        180        192        220         26      11988   sh367309_datadeal.o
      1702        128          0        364         12      14626   sh367309_func.o
      2320        240          0         76          0      13976   sleepdeal.o
       388         82          0          4         84       2657   soc.o
        28          8        192          0       2048        640   startup_stm32f0xx.o
       268         10          0          0          0       6867   stm32f0xx_adc.o
       338         72          0          0          0       4175   stm32f0xx_dma.o
       144         14          0          0          0       2296   stm32f0xx_exti.o
       260         38          0          0          0       4239   stm32f0xx_flash.o
       156          0          0          0          0       2907   stm32f0xx_gpio.o
       278         52          0          0          0     100618   stm32f0xx_it.o
        16          8          0          0          0        477   stm32f0xx_iwdg.o
        84         14          0          0          0        996   stm32f0xx_misc.o
        92         14          0          0          0       1178   stm32f0xx_pwr.o
       632         86          0         16          0       7151   stm32f0xx_rcc.o
       902         66          0          0          0       8882   stm32f0xx_rtc.o
        60         10          0          0          0       1227   stm32f0xx_syscfg.o
       210         30          0          0          0       6403   stm32f0xx_tim.o
       292         20          0          0          0       3918   stm32f0xx_usart.o
      1020        104          0         42          0       9893   system_init.o
      1556        144          0         28         24      10489   system_monitor.o
       180         24          0         20          0       1373   system_stm32f0xx.o

    ----------------------------------------------------------------------
     32100       3618       2812       1020       4560     573410   Object Totals
         0          0         32          0          0          0   (incl. Generated)
        40          0          0         10          5          0   (incl. Padding)

    ----------------------------------------------------------------------

      Code (inc. data)   RO Data    RW Data    ZI Data      Debug   Library Member Name

      4614        316        252         52        268     177754   socintegral_030.o
        86          0          0          0          0          0   __dczerorl2.o
         0          0          0          0          0          0   entry.o
         0          0          0          0          0          0   entry10a.o
         0          0          0          0          0          0   entry11a.o
         8          4          0          0          0          0   entry2.o
         4          0          0          0          0          0   entry5.o
         0          0          0          0          0          0   entry7b.o
         0          0          0          0          0          0   entry8b.o
         8          4          0          0          0          0   entry9a.o
        30          0          0          0          0          0   handlers.o
        40          0          0          0          0         72   idiv.o
        36          8          0          0          0         68   init.o
        36          0          0          0          0         60   memcpya.o
        36          0          0          0          0        100   memseta.o
        44          0          0          0          0         72   uidiv.o

    ----------------------------------------------------------------------
      4944        332        252         52        272     178126   Library Totals
         2          0          0          0          4          0   (incl. Padding)

    ----------------------------------------------------------------------

      Code (inc. data)   RO Data    RW Data    ZI Data      Debug   Library Name

      4614        316        252         52        268     177754   SocIntegral_030.lib
       328         16          0          0          0        372   mc_p.l

    ----------------------------------------------------------------------
      4944        332        252         52        272     178126   Library Totals

    ----------------------------------------------------------------------

==============================================================================


      Code (inc. data)   RO Data    RW Data    ZI Data      Debug   

     37044       3950       3064       1072       4832     739264   Grand Totals
     37044       3950       3064        464       4832     739264   ELF Image Totals (compressed)
     37044       3950       3064        464          0          0   ROM Totals

==============================================================================

    Total RO  Size (Code + RO Data)                40108 (  39.17kB)
    Total RW  Size (RW Data + ZI Data)              5904 (   5.77kB)
    Total ROM Size (Code + RO Data + RW Data)      40572 (  39.62kB)

==============================================================================

